Archive member included to satisfy reference by file (symbol)

c:/st/stm32cubeide_1.9.0/stm32cubeide/plugins/com.st.stm32cube.ide.mcu.externaltools.gnu-tools-for-stm32.10.3-2021.10.win32_1.0.0.202111181127/tools/bin/../lib/gcc/arm-none-eabi/10.3.1/../../../../arm-none-eabi/lib/thumb/v7-m/nofp\libc_nano.a(lib_a-errno.o)
                              ./Core/Src/syscalls.o (__errno)
c:/st/stm32cubeide_1.9.0/stm32cubeide/plugins/com.st.stm32cube.ide.mcu.externaltools.gnu-tools-for-stm32.10.3-2021.10.win32_1.0.0.202111181127/tools/bin/../lib/gcc/arm-none-eabi/10.3.1/../../../../arm-none-eabi/lib/thumb/v7-m/nofp\libc_nano.a(lib_a-exit.o)
                              c:/st/stm32cubeide_1.9.0/stm32cubeide/plugins/com.st.stm32cube.ide.mcu.externaltools.gnu-tools-for-stm32.10.3-2021.10.win32_1.0.0.202111181127/tools/bin/../lib/gcc/arm-none-eabi/10.3.1/../../../../arm-none-eabi/lib/thumb/v7-m/nofp/crt0.o (exit)
c:/st/stm32cubeide_1.9.0/stm32cubeide/plugins/com.st.stm32cube.ide.mcu.externaltools.gnu-tools-for-stm32.10.3-2021.10.win32_1.0.0.202111181127/tools/bin/../lib/gcc/arm-none-eabi/10.3.1/../../../../arm-none-eabi/lib/thumb/v7-m/nofp\libc_nano.a(lib_a-impure.o)
                              c:/st/stm32cubeide_1.9.0/stm32cubeide/plugins/com.st.stm32cube.ide.mcu.externaltools.gnu-tools-for-stm32.10.3-2021.10.win32_1.0.0.202111181127/tools/bin/../lib/gcc/arm-none-eabi/10.3.1/../../../../arm-none-eabi/lib/thumb/v7-m/nofp\libc_nano.a(lib_a-exit.o) (_global_impure_ptr)
c:/st/stm32cubeide_1.9.0/stm32cubeide/plugins/com.st.stm32cube.ide.mcu.externaltools.gnu-tools-for-stm32.10.3-2021.10.win32_1.0.0.202111181127/tools/bin/../lib/gcc/arm-none-eabi/10.3.1/../../../../arm-none-eabi/lib/thumb/v7-m/nofp\libc_nano.a(lib_a-init.o)
                              c:/st/stm32cubeide_1.9.0/stm32cubeide/plugins/com.st.stm32cube.ide.mcu.externaltools.gnu-tools-for-stm32.10.3-2021.10.win32_1.0.0.202111181127/tools/bin/../lib/gcc/arm-none-eabi/10.3.1/../../../../arm-none-eabi/lib/thumb/v7-m/nofp/crt0.o (__libc_init_array)
c:/st/stm32cubeide_1.9.0/stm32cubeide/plugins/com.st.stm32cube.ide.mcu.externaltools.gnu-tools-for-stm32.10.3-2021.10.win32_1.0.0.202111181127/tools/bin/../lib/gcc/arm-none-eabi/10.3.1/../../../../arm-none-eabi/lib/thumb/v7-m/nofp\libc_nano.a(lib_a-memset.o)
                              c:/st/stm32cubeide_1.9.0/stm32cubeide/plugins/com.st.stm32cube.ide.mcu.externaltools.gnu-tools-for-stm32.10.3-2021.10.win32_1.0.0.202111181127/tools/bin/../lib/gcc/arm-none-eabi/10.3.1/../../../../arm-none-eabi/lib/thumb/v7-m/nofp/crt0.o (memset)

Discarded input sections

 .text          0x0000000000000000        0x0 c:/st/stm32cubeide_1.9.0/stm32cubeide/plugins/com.st.stm32cube.ide.mcu.externaltools.gnu-tools-for-stm32.10.3-2021.10.win32_1.0.0.202111181127/tools/bin/../lib/gcc/arm-none-eabi/10.3.1/thumb/v7-m/nofp/crti.o
 .data          0x0000000000000000        0x0 c:/st/stm32cubeide_1.9.0/stm32cubeide/plugins/com.st.stm32cube.ide.mcu.externaltools.gnu-tools-for-stm32.10.3-2021.10.win32_1.0.0.202111181127/tools/bin/../lib/gcc/arm-none-eabi/10.3.1/thumb/v7-m/nofp/crti.o
 .bss           0x0000000000000000        0x0 c:/st/stm32cubeide_1.9.0/stm32cubeide/plugins/com.st.stm32cube.ide.mcu.externaltools.gnu-tools-for-stm32.10.3-2021.10.win32_1.0.0.202111181127/tools/bin/../lib/gcc/arm-none-eabi/10.3.1/thumb/v7-m/nofp/crti.o
 .data          0x0000000000000000        0x4 c:/st/stm32cubeide_1.9.0/stm32cubeide/plugins/com.st.stm32cube.ide.mcu.externaltools.gnu-tools-for-stm32.10.3-2021.10.win32_1.0.0.202111181127/tools/bin/../lib/gcc/arm-none-eabi/10.3.1/thumb/v7-m/nofp/crtbegin.o
 .rodata        0x0000000000000000       0x24 c:/st/stm32cubeide_1.9.0/stm32cubeide/plugins/com.st.stm32cube.ide.mcu.externaltools.gnu-tools-for-stm32.10.3-2021.10.win32_1.0.0.202111181127/tools/bin/../lib/gcc/arm-none-eabi/10.3.1/thumb/v7-m/nofp/crtbegin.o
 .text          0x0000000000000000       0x7c c:/st/stm32cubeide_1.9.0/stm32cubeide/plugins/com.st.stm32cube.ide.mcu.externaltools.gnu-tools-for-stm32.10.3-2021.10.win32_1.0.0.202111181127/tools/bin/../lib/gcc/arm-none-eabi/10.3.1/../../../../arm-none-eabi/lib/thumb/v7-m/nofp/crt0.o
 .data          0x0000000000000000        0x0 c:/st/stm32cubeide_1.9.0/stm32cubeide/plugins/com.st.stm32cube.ide.mcu.externaltools.gnu-tools-for-stm32.10.3-2021.10.win32_1.0.0.202111181127/tools/bin/../lib/gcc/arm-none-eabi/10.3.1/../../../../arm-none-eabi/lib/thumb/v7-m/nofp/crt0.o
 .bss           0x0000000000000000        0x0 c:/st/stm32cubeide_1.9.0/stm32cubeide/plugins/com.st.stm32cube.ide.mcu.externaltools.gnu-tools-for-stm32.10.3-2021.10.win32_1.0.0.202111181127/tools/bin/../lib/gcc/arm-none-eabi/10.3.1/../../../../arm-none-eabi/lib/thumb/v7-m/nofp/crt0.o
[...]
Memory Configuration

Name             Origin             Length             Attributes
RAM              0x0000000020000000 0x0000000000002800 xrw
FLASH            0x0000000008000000 0x0000000000008000 xr
*default*        0x0000000000000000 0xffffffffffffffff

Linker script and memory map

LOAD c:/st/stm32cubeide_1.9.0/stm32cubeide/plugins/com.st.stm32cube.ide.mcu.externaltools.gnu-tools-for-stm32.10.3-2021.10.win32_1.0.0.202111181127/tools/bin/../lib/gcc/arm-none-eabi/10.3.1/thumb/v7-m/nofp/crti.o
LOAD c:/st/stm32cubeide_1.9.0/stm32cubeide/plugins/com.st.stm32cube.ide.mcu.externaltools.gnu-tools-for-stm32.10.3-2021.10.win32_1.0.0.202111181127/tools/bin/../lib/gcc/arm-none-eabi/10.3.1/thumb/v7-m/nofp/crtbegin.o
LOAD c:/st/stm32cubeide_1.9.0/stm32cubeide/plugins/com.st.stm32cube.ide.mcu.externaltools.gnu-tools-for-stm32.10.3-2021.10.win32_1.0.0.202111181127/tools/bin/../lib/gcc/arm-none-eabi/10.3.1/../../../../arm-none-eabi/lib/thumb/v7-m/nofp/crt0.o
LOAD ./Core/Src/main.o
LOAD ./Core/Src/nrf24.o
LOAD ./Core/Src/stm32f1xx_hal_msp.o
LOAD ./Core/Src/stm32f1xx_it.o
LOAD ./Core/Src/syscalls.o
LOAD ./Core/Src/sysmem.o
LOAD ./Core/Src/system_stm32f1xx.o
LOAD ./Core/Startup/startup_stm32f103c6tx.o
LOAD ./Drivers/STM32F1xx_HAL_Driver/Src/stm32f1xx_hal.o
LOAD ./Drivers/STM32F1xx_HAL_Driver/Src/stm32f1xx_hal_cortex.o
LOAD ./Drivers/STM32F1xx_HAL_Driver/Src/stm32f1xx_hal_dma.o
LOAD ./Drivers/STM32F1xx_HAL_Driver/Src/stm32f1xx_hal_exti.o
LOAD ./Drivers/STM32F1xx_HAL_Driver/Src/stm32f1xx_hal_flash.o
LOAD ./Drivers/STM32F1xx_HAL_Driver/Src/stm32f1xx_hal_flash_ex.o
LOAD ./Drivers/STM32F1xx_HAL_Driver/Src/stm32f1xx_hal_gpio.o
LOAD ./Drivers/STM32F1xx_HAL_Driver/Src/stm32f1xx_hal_gpio_ex.o
LOAD ./Drivers/STM32F1xx_HAL_Driver/Src/stm32f1xx_hal_pwr.o
LOAD ./Drivers/STM32F1xx_HAL_Driver/Src/stm32f1xx_hal_rcc.o
LOAD ./Drivers/STM32F1xx_HAL_Driver/Src/stm32f1xx_hal_rcc_ex.o
LOAD ./Drivers/STM32F1xx_HAL_Driver/Src/stm32f1xx_hal_spi.o
LOAD ./Drivers/STM32F1xx_HAL_Driver/Src/stm32f1xx_hal_tim.o
LOAD ./Drivers/STM32F1xx_HAL_Driver/Src/stm32f1xx_hal_tim_ex.o
LOAD ./Drivers/STM32F1xx_HAL_Driver/Src/stm32f1xx_hal_uart.o
START GROUP
LOAD c:/st/stm32cubeide_1.9.0/stm32cubeide/plugins/com.st.stm32cube.ide.mcu.externaltools.gnu-tools-for-stm32.10.3-2021.10.win32_1.0.0.202111181127/tools/bin/../lib/gcc/arm-none-eabi/10.3.1/../../../../arm-none-eabi/lib/thumb/v7-m/nofp\libc_nano.a
LOAD c:/st/stm32cubeide_1.9.0/stm32cubeide/plugins/com.st.stm32cube.ide.mcu.externaltools.gnu-tools-for-stm32.10.3-2021.10.win32_1.0.0.202111181127/tools/bin/../lib/gcc/arm-none-eabi/10.3.1/../../../../arm-none-eabi/lib/thumb/v7-m/nofp\libm.a
END GROUP
START GROUP
LOAD c:/st/stm32cubeide_1.9.0/stm32cubeide/plugins/com.st.stm32cube.ide.mcu.externaltools.gnu-tools-for-stm32.10.3-2021.10.win32_1.0.0.202111181127/tools/bin/../lib/gcc/arm-none-eabi/10.3.1/thumb/v7-m/nofp\libgcc.a
LOAD c:/st/stm32cubeide_1.9.0/stm32cubeide/plugins/com.st.stm32cube.ide.mcu.externaltools.gnu-tools-for-stm32.10.3-2021.10.win32_1.0.0.202111181127/tools/bin/../lib/gcc/arm-none-eabi/10.3.1/../../../../arm-none-eabi/lib/thumb/v7-m/nofp\libc_nano.a
END GROUP
START GROUP
LOAD c:/st/stm32cubeide_1.9.0/stm32cubeide/plugins/com.st.stm32cube.ide.mcu.externaltools.gnu-tools-for-stm32.10.3-2021.10.win32_1.0.0.202111181127/tools/bin/../lib/gcc/arm-none-eabi/10.3.1/thumb/v7-m/nofp\libgcc.a
LOAD c:/st/stm32cubeide_1.9.0/stm32cubeide/plugins/com.st.stm32cube.ide.mcu.externaltools.gnu-tools-for-stm32.10.3-2021.10.win32_1.0.0.202111181127/tools/bin/../lib/gcc/arm-none-eabi/10.3.1/../../../../arm-none-eabi/lib/thumb/v7-m/nofp\libc_nano.a
LOAD c:/st/stm32cubeide_1.9.0/stm32cubeide/plugins/com.st.stm32cube.ide.mcu.externaltools.gnu-tools-for-stm32.10.3-2021.10.win32_1.0.0.202111181127/tools/bin/../lib/gcc/arm-none-eabi/10.3.1/../../../../arm-none-eabi/lib/thumb/v7-m/nofp\libnosys.a
END GROUP
START GROUP
LOAD c:/st/stm32cubeide_1.9.0/stm32cubeide/plugins/com.st.stm32cube.ide.mcu.externaltools.gnu-tools-for-stm32.10.3-2021.10.win32_1.0.0.202111181127/tools/bin/../lib/gcc/arm-none-eabi/10.3.1/thumb/v7-m/nofp\libgcc.a
LOAD c:/st/stm32cubeide_1.9.0/stm32cubeide/plugins/com.st.stm32cube.ide.mcu.externaltools.gnu-tools-for-stm32.10.3-2021.10.win32_1.0.0.202111181127/tools/bin/../lib/gcc/arm-none-eabi/10.3.1/../../../../arm-none-eabi/lib/thumb/v7-m/nofp\libc_nano.a
LOAD c:/st/stm32cubeide_1.9.0/stm32cubeide/plugins/com.st.stm32cube.ide.mcu.externaltools.gnu-tools-for-stm32.10.3-2021.10.win32_1.0.0.202111181127/tools/bin/../lib/gcc/arm-none-eabi/10.3.1/../../../../arm-none-eabi/lib/thumb/v7-m/nofp\libnosys.a
END GROUP
LOAD c:/st/stm32cubeide_1.9.0/stm32cubeide/plugins/com.st.stm32cube.ide.mcu.externaltools.gnu-tools-for-stm32.10.3-2021.10.win32_1.0.0.202111181127/tools/bin/../lib/gcc/arm-none-eabi/10.3.1/thumb/v7-m/nofp/crtend.o
LOAD c:/st/stm32cubeide_1.9.0/stm32cubeide/plugins/com.st.stm32cube.ide.mcu.externaltools.gnu-tools-for-stm32.10.3-2021.10.win32_1.0.0.202111181127/tools/bin/../lib/gcc/arm-none-eabi/10.3.1/thumb/v7-m/nofp/crtn.o
                0x0000000020002800                _estack = (ORIGIN (RAM) + LENGTH (RAM))
                0x0000000000000200                _Min_Heap_Size = 0x200
                0x0000000000000400                _Min_Stack_Size = 0x400

.isr_vector     0x0000000008000000      0x10c
                0x0000000008000000                . = ALIGN (0x4)
 *(.isr_vector)
 .isr_vector    0x0000000008000000      0x10c ./Core/Startup/startup_stm32f103c6tx.o
                0x0000000008000000                g_pfnVectors
                0x000000000800010c                . = ALIGN (0x4)

.text           0x000000000800010c     0x396c
                0x000000000800010c                . = ALIGN (0x4)
 *(.text)
 .text          0x000000000800010c       0x40 c:/st/stm32cubeide_1.9.0/stm32cubeide/plugins/com.st.stm32cube.ide.mcu.externaltools.gnu-tools-for-stm32.10.3-2021.10.win32_1.0.0.202111181127/tools/bin/../lib/gcc/arm-none-eabi/10.3.1/thumb/v7-m/nofp/crtbegin.o
 *(.text*)
 .text.main     0x000000000800014c      0x1f4 ./Core/Src/main.o
                0x000000000800014c                main
 .text.SystemClock_Config
                0x0000000008000340       0x8a ./Core/Src/main.o
                0x0000000008000340                SystemClock_Config
 *fill*         0x00000000080003ca        0x2 
 .text.MX_SPI1_Init
                0x00000000080003cc       0x6c ./Core/Src/main.o
 .text.MX_USART1_UART_Init
                0x0000000008000438       0x54 ./Core/Src/main.o
 .text.MX_DMA_Init
                0x000000000800048c       0x3c ./Core/Src/main.o
 .text.MX_GPIO_Init
                0x00000000080004c8      0x104 ./Core/Src/main.o
 .text.nRF24_TxPacket
                0x00000000080005cc       0xac ./Core/Src/main.o
                0x00000000080005cc                nRF24_TxPacket
 .text.HAL_UART_RxCpltCallback
                0x0000000008000678       0x84 ./Core/Src/main.o
                0x0000000008000678                HAL_UART_RxCpltCallback
 .text.Error_Handler
                0x00000000080006fc        0xa ./Core/Src/main.o
                0x00000000080006fc                Error_Handler
 .text.nRF24_CE_State
                0x0000000008000706       0x24 ./Core/Src/nrf24.o
                0x0000000008000706                nRF24_CE_State
 .text.nRF24_CSN_State
                0x000000000800072a       0x24 ./Core/Src/nrf24.o
                0x000000000800072a                nRF24_CSN_State
 .text.nRF24_HW_Init
                0x000000000800074e       0x44 ./Core/Src/nrf24.o
                0x000000000800074e                nRF24_HW_Init
 .text.nRF24_LL_RW
                0x0000000008000792       0x2c ./Core/Src/nrf24.o
                0x0000000008000792                nRF24_LL_RW
 .text.nRF24_ReadReg
                0x00000000080007be       0x42 ./Core/Src/nrf24.o
                0x00000000080007be                nRF24_ReadReg
 .text.nRF24_WriteReg
                0x0000000008000800       0x80 ./Core/Src/nrf24.o
                0x0000000008000800                nRF24_WriteReg
 .text.nRF24_ReadMBReg
                0x0000000008000880       0x54 ./Core/Src/nrf24.o
                0x0000000008000880                nRF24_ReadMBReg
 .text.nRF24_WriteMBReg
                0x00000000080008d4       0x52 ./Core/Src/nrf24.o
                0x00000000080008d4                nRF24_WriteMBReg
 .text.nRF24_Init
                0x0000000008000926       0xca ./Core/Src/nrf24.o
                0x0000000008000926                nRF24_Init
 .text.nRF24_SetPowerMode
                0x00000000080009f0       0x44 ./Core/Src/nrf24.o
                0x00000000080009f0                nRF24_SetPowerMode
 .text.nRF24_SetOperationalMode
                0x0000000008000a34       0x48 ./Core/Src/nrf24.o
                0x0000000008000a34                nRF24_SetOperationalMode
 .text.nRF24_SetRFChannel
                0x0000000008000a7c       0x20 ./Core/Src/nrf24.o
                0x0000000008000a7c                nRF24_SetRFChannel
 .text.nRF24_SetAddr
                0x0000000008000a9c      0x15c ./Core/Src/nrf24.o
                0x0000000008000a9c                nRF24_SetAddr
 .text.nRF24_SetRXPipe
                0x0000000008000bf8       0xb8 ./Core/Src/nrf24.o
                0x0000000008000bf8                nRF24_SetRXPipe
 .text.nRF24_DisableAA
                0x0000000008000cb0       0x56 ./Core/Src/nrf24.o
                0x0000000008000cb0                nRF24_DisableAA
 .text.nRF24_GetStatus
                0x0000000008000d06       0x1a ./Core/Src/nrf24.o
                0x0000000008000d06                nRF24_GetStatus
 .text.nRF24_FlushTX
                0x0000000008000d20       0x1a ./Core/Src/nrf24.o
                0x0000000008000d20                nRF24_FlushTX
 .text.nRF24_FlushRX
                0x0000000008000d3a       0x1a ./Core/Src/nrf24.o
                0x0000000008000d3a                nRF24_FlushRX
 .text.nRF24_ClearIRQFlags
                0x0000000008000d54       0x30 ./Core/Src/nrf24.o
                0x0000000008000d54                nRF24_ClearIRQFlags
 .text.nRF24_WritePayload
                0x0000000008000d84       0x22 ./Core/Src/nrf24.o
                0x0000000008000d84                nRF24_WritePayload
 *fill*         0x0000000008000da6        0x2 
 .text.nRF24_ReadPayload
                0x0000000008000da8       0x6c ./Core/Src/nrf24.o
                0x0000000008000da8                nRF24_ReadPayload
 .text.HAL_MspInit
                0x0000000008000e14       0x64 ./Core/Src/stm32f1xx_hal_msp.o
                0x0000000008000e14                HAL_MspInit
 .text.HAL_SPI_MspInit
                0x0000000008000e78       0x94 ./Core/Src/stm32f1xx_hal_msp.o
                0x0000000008000e78                HAL_SPI_MspInit
 .text.HAL_UART_MspInit
                0x0000000008000f0c       0xfc ./Core/Src/stm32f1xx_hal_msp.o
                0x0000000008000f0c                HAL_UART_MspInit
 .text.NMI_Handler
                0x0000000008001008        0x6 ./Core/Src/stm32f1xx_it.o
                0x0000000008001008                NMI_Handler
 .text.HardFault_Handler
                0x000000000800100e        0x6 ./Core/Src/stm32f1xx_it.o
                0x000000000800100e                HardFault_Handler
 .text.MemManage_Handler
                0x0000000008001014        0x6 ./Core/Src/stm32f1xx_it.o
                0x0000000008001014                MemManage_Handler
 .text.BusFault_Handler
                0x000000000800101a        0x6 ./Core/Src/stm32f1xx_it.o
                0x000000000800101a                BusFault_Handler
 .text.UsageFault_Handler
                0x0000000008001020        0x6 ./Core/Src/stm32f1xx_it.o
                0x0000000008001020                UsageFault_Handler
 .text.SVC_Handler
                0x0000000008001026        0xc ./Core/Src/stm32f1xx_it.o
                0x0000000008001026                SVC_Handler
 .text.DebugMon_Handler
                0x0000000008001032        0xc ./Core/Src/stm32f1xx_it.o
                0x0000000008001032                DebugMon_Handler
 .text.PendSV_Handler
                0x000000000800103e        0xc ./Core/Src/stm32f1xx_it.o
                0x000000000800103e                PendSV_Handler
 .text.SysTick_Handler
                0x000000000800104a        0xc ./Core/Src/stm32f1xx_it.o
                0x000000000800104a                SysTick_Handler
 *fill*         0x0000000008001056        0x2 
 .text.DMA1_Channel5_IRQHandler
                0x0000000008001058       0x14 ./Core/Src/stm32f1xx_it.o
                0x0000000008001058                DMA1_Channel5_IRQHandler
 .text.USART1_IRQHandler
                0x000000000800106c       0x18 ./Core/Src/stm32f1xx_it.o
                0x000000000800106c                USART1_IRQHandler
 .text.SystemInit
                0x0000000008001084        0xc ./Core/Src/system_stm32f1xx.o
                0x0000000008001084                SystemInit
 .text.Reset_Handler
                0x0000000008001090       0x48 ./Core/Startup/startup_stm32f103c6tx.o
                0x0000000008001090                Reset_Handler
 .text.Default_Handler
                0x00000000080010d8        0x2 ./Core/Startup/startup_stm32f103c6tx.o
                0x00000000080010d8                RTC_Alarm_IRQHandler
                0x00000000080010d8                EXTI2_IRQHandler
                0x00000000080010d8                TIM1_CC_IRQHandler
                0x00000000080010d8                PVD_IRQHandler
                0x00000000080010d8                EXTI3_IRQHandler
                0x00000000080010d8                EXTI0_IRQHandler
                0x00000000080010d8                ADC1_2_IRQHandler
                0x00000000080010d8                SPI1_IRQHandler
                0x00000000080010d8                TAMPER_IRQHandler
                0x00000000080010d8                DMA1_Channel4_IRQHandler
                0x00000000080010d8                RTC_IRQHandler
                0x00000000080010d8                DMA1_Channel7_IRQHandler
                0x00000000080010d8                CAN1_RX1_IRQHandler
                0x00000000080010d8                I2C1_EV_IRQHandler
                0x00000000080010d8                DMA1_Channel6_IRQHandler
                0x00000000080010d8                TIM3_IRQHandler
                0x00000000080010d8                RCC_IRQHandler
                0x00000000080010d8                TIM1_TRG_COM_IRQHandler
                0x00000000080010d8                DMA1_Channel1_IRQHandler
                0x00000000080010d8                Default_Handler
                0x00000000080010d8                EXTI15_10_IRQHandler
                0x00000000080010d8                EXTI9_5_IRQHandler
                0x00000000080010d8                EXTI4_IRQHandler
                0x00000000080010d8                USB_LP_CAN1_RX0_IRQHandler
                0x00000000080010d8                USB_HP_CAN1_TX_IRQHandler
                0x00000000080010d8                DMA1_Channel3_IRQHandler
                0x00000000080010d8                TIM1_UP_IRQHandler
                0x00000000080010d8                WWDG_IRQHandler
                0x00000000080010d8                TIM2_IRQHandler
                0x00000000080010d8                TIM1_BRK_IRQHandler
                0x00000000080010d8                EXTI1_IRQHandler
                0x00000000080010d8                USART2_IRQHandler
                0x00000000080010d8                DMA1_Channel2_IRQHandler
                0x00000000080010d8                CAN1_SCE_IRQHandler
                0x00000000080010d8                FLASH_IRQHandler
                0x00000000080010d8                I2C1_ER_IRQHandler
                0x00000000080010d8                USBWakeUp_IRQHandler
 *fill*         0x00000000080010da        0x2 
 .text.HAL_Init
                0x00000000080010dc       0x2c ./Drivers/STM32F1xx_HAL_Driver/Src/stm32f1xx_hal.o
                0x00000000080010dc                HAL_Init
 .text.HAL_InitTick
                0x0000000008001108       0x60 ./Drivers/STM32F1xx_HAL_Driver/Src/stm32f1xx_hal.o
                0x0000000008001108                HAL_InitTick
 .text.HAL_IncTick
                0x0000000008001168       0x24 ./Drivers/STM32F1xx_HAL_Driver/Src/stm32f1xx_hal.o
                0x0000000008001168                HAL_IncTick
 .text.HAL_GetTick
                0x000000000800118c       0x14 ./Drivers/STM32F1xx_HAL_Driver/Src/stm32f1xx_hal.o
                0x000000000800118c                HAL_GetTick
 .text.__NVIC_SetPriorityGrouping
                0x00000000080011a0       0x48 ./Drivers/STM32F1xx_HAL_Driver/Src/stm32f1xx_hal_cortex.o
 .text.__NVIC_GetPriorityGrouping
                0x00000000080011e8       0x1c ./Drivers/STM32F1xx_HAL_Driver/Src/stm32f1xx_hal_cortex.o
 .text.__NVIC_EnableIRQ
                0x0000000008001204       0x38 ./Drivers/STM32F1xx_HAL_Driver/Src/stm32f1xx_hal_cortex.o
 .text.__NVIC_SetPriority
                0x000000000800123c       0x54 ./Drivers/STM32F1xx_HAL_Driver/Src/stm32f1xx_hal_cortex.o
 .text.NVIC_EncodePriority
                0x0000000008001290       0x64 ./Drivers/STM32F1xx_HAL_Driver/Src/stm32f1xx_hal_cortex.o
 .text.SysTick_Config
                0x00000000080012f4       0x44 ./Drivers/STM32F1xx_HAL_Driver/Src/stm32f1xx_hal_cortex.o
 .text.HAL_NVIC_SetPriorityGrouping
                0x0000000008001338       0x16 ./Drivers/STM32F1xx_HAL_Driver/Src/stm32f1xx_hal_cortex.o
                0x0000000008001338                HAL_NVIC_SetPriorityGrouping
 .text.HAL_NVIC_SetPriority
                0x000000000800134e       0x38 ./Drivers/STM32F1xx_HAL_Driver/Src/stm32f1xx_hal_cortex.o
                0x000000000800134e                HAL_NVIC_SetPriority
 .text.HAL_NVIC_EnableIRQ
                0x0000000008001386       0x1c ./Drivers/STM32F1xx_HAL_Driver/Src/stm32f1xx_hal_cortex.o
                0x0000000008001386                HAL_NVIC_EnableIRQ
 .text.HAL_SYSTICK_Config
                0x00000000080013a2       0x18 ./Drivers/STM32F1xx_HAL_Driver/Src/stm32f1xx_hal_cortex.o
                0x00000000080013a2                HAL_SYSTICK_Config
 *fill*         0x00000000080013ba        0x2 
 .text.HAL_DMA_Init
                0x00000000080013bc       0xb4 ./Drivers/STM32F1xx_HAL_Driver/Src/stm32f1xx_hal_dma.o
                0x00000000080013bc                HAL_DMA_Init
 .text.HAL_DMA_Start_IT
                0x0000000008001470       0xc0 ./Drivers/STM32F1xx_HAL_Driver/Src/stm32f1xx_hal_dma.o
                0x0000000008001470                HAL_DMA_Start_IT
 .text.HAL_DMA_Abort
                0x0000000008001530       0x76 ./Drivers/STM32F1xx_HAL_Driver/Src/stm32f1xx_hal_dma.o
                0x0000000008001530                HAL_DMA_Abort
 *fill*         0x00000000080015a6        0x2 
 .text.HAL_DMA_Abort_IT
                0x00000000080015a8       0xf0 ./Drivers/STM32F1xx_HAL_Driver/Src/stm32f1xx_hal_dma.o
                0x00000000080015a8                HAL_DMA_Abort_IT
 .text.HAL_DMA_IRQHandler
                0x0000000008001698      0x20c ./Drivers/STM32F1xx_HAL_Driver/Src/stm32f1xx_hal_dma.o
                0x0000000008001698                HAL_DMA_IRQHandler
 .text.DMA_SetConfig
                0x00000000080018a4       0x5a ./Drivers/STM32F1xx_HAL_Driver/Src/stm32f1xx_hal_dma.o
 *fill*         0x00000000080018fe        0x2 
 .text.HAL_GPIO_Init
                0x0000000008001900      0x2f8 ./Drivers/STM32F1xx_HAL_Driver/Src/stm32f1xx_hal_gpio.o
                0x0000000008001900                HAL_GPIO_Init
 .text.HAL_GPIO_WritePin
                0x0000000008001bf8       0x30 ./Drivers/STM32F1xx_HAL_Driver/Src/stm32f1xx_hal_gpio.o
                0x0000000008001bf8                HAL_GPIO_WritePin
 .text.HAL_RCC_OscConfig
                0x0000000008001c28      0x504 ./Drivers/STM32F1xx_HAL_Driver/Src/stm32f1xx_hal_rcc.o
                0x0000000008001c28                HAL_RCC_OscConfig
 .text.HAL_RCC_ClockConfig
                0x000000000800212c      0x1d4 ./Drivers/STM32F1xx_HAL_Driver/Src/stm32f1xx_hal_rcc.o
                0x000000000800212c                HAL_RCC_ClockConfig
 .text.HAL_RCC_GetSysClockFreq
                0x0000000008002300       0xa8 ./Drivers/STM32F1xx_HAL_Driver/Src/stm32f1xx_hal_rcc.o
                0x0000000008002300                HAL_RCC_GetSysClockFreq
 .text.HAL_RCC_GetHCLKFreq
                0x00000000080023a8       0x14 ./Drivers/STM32F1xx_HAL_Driver/Src/stm32f1xx_hal_rcc.o
                0x00000000080023a8                HAL_RCC_GetHCLKFreq
 .text.HAL_RCC_GetPCLK1Freq
                0x00000000080023bc       0x28 ./Drivers/STM32F1xx_HAL_Driver/Src/stm32f1xx_hal_rcc.o
                0x00000000080023bc                HAL_RCC_GetPCLK1Freq
 .text.HAL_RCC_GetPCLK2Freq
                0x00000000080023e4       0x28 ./Drivers/STM32F1xx_HAL_Driver/Src/stm32f1xx_hal_rcc.o
                0x00000000080023e4                HAL_RCC_GetPCLK2Freq
 .text.RCC_Delay
                0x000000000800240c       0x3c ./Drivers/STM32F1xx_HAL_Driver/Src/stm32f1xx_hal_rcc.o
 .text.HAL_SPI_Init
                0x0000000008002448      0x108 ./Drivers/STM32F1xx_HAL_Driver/Src/stm32f1xx_hal_spi.o
                0x0000000008002448                HAL_SPI_Init
 .text.HAL_SPI_TransmitReceive
                0x0000000008002550      0x360 ./Drivers/STM32F1xx_HAL_Driver/Src/stm32f1xx_hal_spi.o
                0x0000000008002550                HAL_SPI_TransmitReceive
 .text.SPI_WaitFlagStateUntilTimeout
                0x00000000080028b0      0x110 ./Drivers/STM32F1xx_HAL_Driver/Src/stm32f1xx_hal_spi.o
 .text.SPI_EndRxTxTransaction
                0x00000000080029c0       0x3c ./Drivers/STM32F1xx_HAL_Driver/Src/stm32f1xx_hal_spi.o
 .text.HAL_UART_Init
                0x00000000080029fc       0xa0 ./Drivers/STM32F1xx_HAL_Driver/Src/stm32f1xx_hal_uart.o
                0x00000000080029fc                HAL_UART_Init
 .text.HAL_UART_Transmit
                0x0000000008002a9c      0x106 ./Drivers/STM32F1xx_HAL_Driver/Src/stm32f1xx_hal_uart.o
                0x0000000008002a9c                HAL_UART_Transmit
 .text.HAL_UART_Receive_DMA
                0x0000000008002ba2       0x4a ./Drivers/STM32F1xx_HAL_Driver/Src/stm32f1xx_hal_uart.o
                0x0000000008002ba2                HAL_UART_Receive_DMA
 .text.HAL_UART_IRQHandler
                0x0000000008002bec      0x524 ./Drivers/STM32F1xx_HAL_Driver/Src/stm32f1xx_hal_uart.o
                0x0000000008002bec                HAL_UART_IRQHandler
 .text.HAL_UART_TxCpltCallback
                0x0000000008003110       0x12 ./Drivers/STM32F1xx_HAL_Driver/Src/stm32f1xx_hal_uart.o
                0x0000000008003110                HAL_UART_TxCpltCallback
 .text.HAL_UART_RxHalfCpltCallback
                0x0000000008003122       0x12 ./Drivers/STM32F1xx_HAL_Driver/Src/stm32f1xx_hal_uart.o
                0x0000000008003122                HAL_UART_RxHalfCpltCallback
 .text.HAL_UART_ErrorCallback
                0x0000000008003134       0x12 ./Drivers/STM32F1xx_HAL_Driver/Src/stm32f1xx_hal_uart.o
                0x0000000008003134                HAL_UART_ErrorCallback
 .text.HAL_UARTEx_RxEventCallback
                0x0000000008003146       0x16 ./Drivers/STM32F1xx_HAL_Driver/Src/stm32f1xx_hal_uart.o
                0x0000000008003146                HAL_UARTEx_RxEventCallback
 .text.UART_DMAReceiveCplt
                0x000000000800315c      0x12c ./Drivers/STM32F1xx_HAL_Driver/Src/stm32f1xx_hal_uart.o
 .text.UART_DMARxHalfCplt
                0x0000000008003288       0x3c ./Drivers/STM32F1xx_HAL_Driver/Src/stm32f1xx_hal_uart.o
 .text.UART_DMAError
                0x00000000080032c4       0x94 ./Drivers/STM32F1xx_HAL_Driver/Src/stm32f1xx_hal_uart.o
 .text.UART_WaitOnFlagUntilTimeout
                0x0000000008003358       0xdc ./Drivers/STM32F1xx_HAL_Driver/Src/stm32f1xx_hal_uart.o
 .text.UART_Start_Receive_DMA
                0x0000000008003434      0x134 ./Drivers/STM32F1xx_HAL_Driver/Src/stm32f1xx_hal_uart.o
                0x0000000008003434                UART_Start_Receive_DMA
 .text.UART_EndTxTransfer
                0x0000000008003568       0x4e ./Drivers/STM32F1xx_HAL_Driver/Src/stm32f1xx_hal_uart.o
 .text.UART_EndRxTransfer
                0x00000000080035b6       0xc4 ./Drivers/STM32F1xx_HAL_Driver/Src/stm32f1xx_hal_uart.o
 .text.UART_DMAAbortOnError
                0x000000000800367a       0x28 ./Drivers/STM32F1xx_HAL_Driver/Src/stm32f1xx_hal_uart.o
 .text.UART_Transmit_IT
                0x00000000080036a2       0x9e ./Drivers/STM32F1xx_HAL_Driver/Src/stm32f1xx_hal_uart.o
 .text.UART_EndTransmit_IT
                0x0000000008003740       0x30 ./Drivers/STM32F1xx_HAL_Driver/Src/stm32f1xx_hal_uart.o
 .text.UART_Receive_IT
                0x0000000008003770      0x17c ./Drivers/STM32F1xx_HAL_Driver/Src/stm32f1xx_hal_uart.o
 .text.UART_SetConfig
                0x00000000080038ec      0x11c ./Drivers/STM32F1xx_HAL_Driver/Src/stm32f1xx_hal_uart.o
 .text.__libc_init_array
                0x0000000008003a08       0x48 c:/st/stm32cubeide_1.9.0/stm32cubeide/plugins/com.st.stm32cube.ide.mcu.externaltools.gnu-tools-for-stm32.10.3-2021.10.win32_1.0.0.202111181127/tools/bin/../lib/gcc/arm-none-eabi/10.3.1/../../../../arm-none-eabi/lib/thumb/v7-m/nofp\libc_nano.a(lib_a-init.o)
                0x0000000008003a08                __libc_init_array
 .text.memset   0x0000000008003a50       0x10 c:/st/stm32cubeide_1.9.0/stm32cubeide/plugins/com.st.stm32cube.ide.mcu.externaltools.gnu-tools-for-stm32.10.3-2021.10.win32_1.0.0.202111181127/tools/bin/../lib/gcc/arm-none-eabi/10.3.1/../../../../arm-none-eabi/lib/thumb/v7-m/nofp\libc_nano.a(lib_a-memset.o)
                0x0000000008003a50                memset
 *(.glue_7)
 .glue_7        0x0000000008003a60        0x0 linker stubs
 *(.glue_7t)
 .glue_7t       0x0000000008003a60        0x0 linker stubs
 *(.eh_frame)
 .eh_frame      0x0000000008003a60        0x0 c:/st/stm32cubeide_1.9.0/stm32cubeide/plugins/com.st.stm32cube.ide.mcu.externaltools.gnu-tools-for-stm32.10.3-2021.10.win32_1.0.0.202111181127/tools/bin/../lib/gcc/arm-none-eabi/10.3.1/thumb/v7-m/nofp/crtbegin.o
 *(.init)
 .init          0x0000000008003a60        0x4 c:/st/stm32cubeide_1.9.0/stm32cubeide/plugins/com.st.stm32cube.ide.mcu.externaltools.gnu-tools-for-stm32.10.3-2021.10.win32_1.0.0.202111181127/tools/bin/../lib/gcc/arm-none-eabi/10.3.1/thumb/v7-m/nofp/crti.o
                0x0000000008003a60                _init
 .init          0x0000000008003a64        0x8 c:/st/stm32cubeide_1.9.0/stm32cubeide/plugins/com.st.stm32cube.ide.mcu.externaltools.gnu-tools-for-stm32.10.3-2021.10.win32_1.0.0.202111181127/tools/bin/../lib/gcc/arm-none-eabi/10.3.1/thumb/v7-m/nofp/crtn.o
 *(.fini)
 .fini          0x0000000008003a6c        0x4 c:/st/stm32cubeide_1.9.0/stm32cubeide/plugins/com.st.stm32cube.ide.mcu.externaltools.gnu-tools-for-stm32.10.3-2021.10.win32_1.0.0.202111181127/tools/bin/../lib/gcc/arm-none-eabi/10.3.1/thumb/v7-m/nofp/crti.o
                0x0000000008003a6c                _fini
 .fini          0x0000000008003a70        0x8 c:/st/stm32cubeide_1.9.0/stm32cubeide/plugins/com.st.stm32cube.ide.mcu.externaltools.gnu-tools-for-stm32.10.3-2021.10.win32_1.0.0.202111181127/tools/bin/../lib/gcc/arm-none-eabi/10.3.1/thumb/v7-m/nofp/crtn.o
                0x0000000008003a78                . = ALIGN (0x4)
                0x0000000008003a78                _etext = .

.vfp11_veneer   0x0000000008003a78        0x0
 .vfp11_veneer  0x0000000008003a78        0x0 linker stubs

.v4_bx          0x0000000008003a78        0x0
 .v4_bx         0x0000000008003a78        0x0 linker stubs

.iplt           0x0000000008003a78        0x0
 .iplt          0x0000000008003a78        0x0 c:/st/stm32cubeide_1.9.0/stm32cubeide/plugins/com.st.stm32cube.ide.mcu.externaltools.gnu-tools-for-stm32.10.3-2021.10.win32_1.0.0.202111181127/tools/bin/../lib/gcc/arm-none-eabi/10.3.1/thumb/v7-m/nofp/crtbegin.o

.rodata         0x0000000008003a78       0x3c
                0x0000000008003a78                . = ALIGN (0x4)
 *(.rodata)
 *(.rodata*)
 .rodata.nRF24_RX_PW_PIPE
                0x0000000008003a78        0x6 ./Core/Src/nrf24.o
 *fill*         0x0000000008003a7e        0x2 
 .rodata.nRF24_ADDR_REGS
                0x0000000008003a80        0x7 ./Core/Src/nrf24.o
 *fill*         0x0000000008003a87        0x1 
 .rodata.AHBPrescTable
                0x0000000008003a88       0x10 ./Core/Src/system_stm32f1xx.o
                0x0000000008003a88                AHBPrescTable
 .rodata.APBPrescTable
                0x0000000008003a98        0x8 ./Core/Src/system_stm32f1xx.o
                0x0000000008003a98                APBPrescTable
 .rodata.aPLLMULFactorTable.1
                0x0000000008003aa0       0x10 ./Drivers/STM32F1xx_HAL_Driver/Src/stm32f1xx_hal_rcc.o
 .rodata.aPredivFactorTable.0
                0x0000000008003ab0        0x2 ./Drivers/STM32F1xx_HAL_Driver/Src/stm32f1xx_hal_rcc.o
                0x0000000008003ab4                . = ALIGN (0x4)
 *fill*         0x0000000008003ab2        0x2 

.rel.dyn        0x0000000008003ab4        0x0
 .rel.iplt      0x0000000008003ab4        0x0 c:/st/stm32cubeide_1.9.0/stm32cubeide/plugins/com.st.stm32cube.ide.mcu.externaltools.gnu-tools-for-stm32.10.3-2021.10.win32_1.0.0.202111181127/tools/bin/../lib/gcc/arm-none-eabi/10.3.1/thumb/v7-m/nofp/crtbegin.o

.ARM.extab      0x0000000008003ab4        0x0
                0x0000000008003ab4                . = ALIGN (0x4)
 *(.ARM.extab* .gnu.linkonce.armextab.*)
                0x0000000008003ab4                . = ALIGN (0x4)

.ARM            0x0000000008003ab4        0x0
                0x0000000008003ab4                . = ALIGN (0x4)
                0x0000000008003ab4                __exidx_start = .
 *(.ARM.exidx*)
                0x0000000008003ab4                __exidx_end = .
                0x0000000008003ab4                . = ALIGN (0x4)

.preinit_array  0x0000000008003ab4        0x0
                0x0000000008003ab4                . = ALIGN (0x4)
                0x0000000008003ab4                PROVIDE (__preinit_array_start = .)
 *(.preinit_array*)
                0x0000000008003ab4                PROVIDE (__preinit_array_end = .)
                0x0000000008003ab4                . = ALIGN (0x4)

.init_array     0x0000000008003ab4        0x4
                0x0000000008003ab4                . = ALIGN (0x4)
                0x0000000008003ab4                PROVIDE (__init_array_start = .)
 *(SORT_BY_NAME(.init_array.*))
 *(.init_array*)
 .init_array    0x0000000008003ab4        0x4 c:/st/stm32cubeide_1.9.0/stm32cubeide/plugins/com.st.stm32cube.ide.mcu.externaltools.gnu-tools-for-stm32.10.3-2021.10.win32_1.0.0.202111181127/tools/bin/../lib/gcc/arm-none-eabi/10.3.1/thumb/v7-m/nofp/crtbegin.o
                0x0000000008003ab8                PROVIDE (__init_array_end = .)
                0x0000000008003ab8                . = ALIGN (0x4)

.fini_array     0x0000000008003ab8        0x4
                0x0000000008003ab8                . = ALIGN (0x4)
                [!provide]                        PROVIDE (__fini_array_start = .)
 *(SORT_BY_NAME(.fini_array.*))
 *(.fini_array*)
 .fini_array    0x0000000008003ab8        0x4 c:/st/stm32cubeide_1.9.0/stm32cubeide/plugins/com.st.stm32cube.ide.mcu.externaltools.gnu-tools-for-stm32.10.3-2021.10.win32_1.0.0.202111181127/tools/bin/../lib/gcc/arm-none-eabi/10.3.1/thumb/v7-m/nofp/crtbegin.o
                [!provide]                        PROVIDE (__fini_array_end = .)
                0x0000000008003abc                . = ALIGN (0x4)
                0x0000000008003abc                _sidata = LOADADDR (.data)

.data           0x0000000020000000       0x14 load address 0x0000000008003abc
                0x0000000020000000                . = ALIGN (0x4)
                0x0000000020000000                _sdata = .
 *(.data)
 *(.data*)
 .data.rx_node_addr
                0x0000000020000000        0x5 ./Core/Src/main.o
                0x0000000020000000                rx_node_addr
 *fill*         0x0000000020000005        0x3 
 .data.SystemCoreClock
                0x0000000020000008        0x4 ./Core/Src/system_stm32f1xx.o
                0x0000000020000008                SystemCoreClock
 .data.uwTickPrio
                0x000000002000000c        0x4 ./Drivers/STM32F1xx_HAL_Driver/Src/stm32f1xx_hal.o
                0x000000002000000c                uwTickPrio
 .data.uwTickFreq
                0x0000000020000010        0x1 ./Drivers/STM32F1xx_HAL_Driver/Src/stm32f1xx_hal.o
                0x0000000020000010                uwTickFreq
 *(.RamFunc)
 *(.RamFunc*)
                0x0000000020000014                . = ALIGN (0x4)
 *fill*         0x0000000020000011        0x3 
                0x0000000020000014                _edata = .

.igot.plt       0x0000000020000014        0x0 load address 0x0000000008003ad0
 .igot.plt      0x0000000020000014        0x0 c:/st/stm32cubeide_1.9.0/stm32cubeide/plugins/com.st.stm32cube.ide.mcu.externaltools.gnu-tools-for-stm32.10.3-2021.10.win32_1.0.0.202111181127/tools/bin/../lib/gcc/arm-none-eabi/10.3.1/thumb/v7-m/nofp/crtbegin.o
                0x0000000020000014                . = ALIGN (0x4)

.bss            0x0000000020000014      0x1e8 load address 0x0000000008003ad0
                0x0000000020000014                _sbss = .
                0x0000000020000014                __bss_start__ = _sbss
 *(.bss)
 .bss           0x0000000020000014       0x1c c:/st/stm32cubeide_1.9.0/stm32cubeide/plugins/com.st.stm32cube.ide.mcu.externaltools.gnu-tools-for-stm32.10.3-2021.10.win32_1.0.0.202111181127/tools/bin/../lib/gcc/arm-none-eabi/10.3.1/thumb/v7-m/nofp/crtbegin.o
 *(.bss*)
 .bss.hspi1     0x0000000020000030       0x58 ./Core/Src/main.o
                0x0000000020000030                hspi1
 .bss.huart1    0x0000000020000088       0x48 ./Core/Src/main.o
                0x0000000020000088                huart1
 .bss.hdma_usart1_rx
                0x00000000200000d0       0x44 ./Core/Src/main.o
                0x00000000200000d0                hdma_usart1_rx
 .bss.serial_data
                0x0000000020000114       0x1e ./Core/Src/main.o
                0x0000000020000114                serial_data
 *fill*         0x0000000020000132        0x2 
 .bss.serial_len
                0x0000000020000134        0x4 ./Core/Src/main.o
                0x0000000020000134                serial_len
 .bss.send_flag
                0x0000000020000138        0x1 ./Core/Src/main.o
                0x0000000020000138                send_flag
 .bss.status    0x0000000020000139        0x1 ./Core/Src/main.o
                0x0000000020000139                status
 .bss.status1   0x000000002000013a        0x1 ./Core/Src/main.o
                0x000000002000013a                status1
 *fill*         0x000000002000013b        0x1 
 .bss.tx_device
                0x000000002000013c       0x58 ./Core/Src/main.o
                0x000000002000013c                tx_device
 .bss.rx_device
                0x0000000020000194       0x58 ./Core/Src/main.o
                0x0000000020000194                rx_device
 .bss.rx_len    0x00000000200001ec        0x1 ./Core/Src/main.o
                0x00000000200001ec                rx_len
 *fill*         0x00000000200001ed        0x3 
 .bss.debug_reg
                0x00000000200001f0        0x5 ./Core/Src/main.o
                0x00000000200001f0                debug_reg
 *fill*         0x00000000200001f5        0x3 
 .bss.uwTick    0x00000000200001f8        0x4 ./Drivers/STM32F1xx_HAL_Driver/Src/stm32f1xx_hal.o
                0x00000000200001f8                uwTick
 *(COMMON)
                0x00000000200001fc                . = ALIGN (0x4)
                0x00000000200001fc                _ebss = .
                0x00000000200001fc                __bss_end__ = _ebss

._user_heap_stack
                0x00000000200001fc      0x604 load address 0x0000000008003ad0
                0x0000000020000200                . = ALIGN (0x8)
 *fill*         0x00000000200001fc        0x4 
                [!provide]                        PROVIDE (end = .)
                0x0000000020000200                PROVIDE (_end = .)
                0x0000000020000400                . = (. + _Min_Heap_Size)
 *fill*         0x0000000020000200      0x200 
                0x0000000020000800                . = (. + _Min_Stack_Size)
 *fill*         0x0000000020000400      0x400 
                0x0000000020000800                . = ALIGN (0x8)

/DISCARD/
 libc.a(*)
 libm.a(*)
 libgcc.a(*)

.ARM.attributes
                0x0000000000000000       0x29
 *(.ARM.attributes)
 .ARM.attributes
                0x0000000000000000       0x1d c:/st/stm32cubeide_1.9.0/stm32cubeide/plugins/com.st.stm32cube.ide.mcu.externaltools.gnu-tools-for-stm32.10.3-2021.10.win32_1.0.0.202111181127/tools/bin/../lib/gcc/arm-none-eabi/10.3.1/thumb/v7-m/nofp/crti.o
 .ARM.attributes
                0x000000000000001d       0x2d c:/st/stm32cubeide_1.9.0/stm32cubeide/plugins/com.st.stm32cube.ide.mcu.externaltools.gnu-tools-for-stm32.10.3-2021.10.win32_1.0.0.202111181127/tools/bin/../lib/gcc/arm-none-eabi/10.3.1/thumb/v7-m/nofp/crtbegin.o
 .ARM.attributes
                0x000000000000004a       0x2d ./Core/Src/main.o
 .ARM.attributes
                0x0000000000000077       0x2d ./Core/Src/nrf24.o
 .ARM.attributes
                0x00000000000000a4       0x2d ./Core/Src/stm32f1xx_hal_msp.o
 .ARM.attributes
                0x00000000000000d1       0x2d ./Core/Src/stm32f1xx_it.o
 .ARM.attributes
                0x00000000000000fe       0x2d ./Core/Src/system_stm32f1xx.o
 .ARM.attributes
                0x000000000000012b       0x21 ./Core/Startup/startup_stm32f103c6tx.o
 .ARM.attributes
                0x000000000000014c       0x2d ./Drivers/STM32F1xx_HAL_Driver/Src/stm32f1xx_hal.o
 .ARM.attributes
                0x0000000000000179       0x2d ./Drivers/STM32F1xx_HAL_Driver/Src/stm32f1xx_hal_cortex.o
 .ARM.attributes
                0x00000000000001a6       0x2d ./Drivers/STM32F1xx_HAL_Driver/Src/stm32f1xx_hal_dma.o
 .ARM.attributes
                0x00000000000001d3       0x2d ./Drivers/STM32F1xx_HAL_Driver/Src/stm32f1xx_hal_gpio.o
 .ARM.attributes
                0x0000000000000200       0x2d ./Drivers/STM32F1xx_HAL_Driver/Src/stm32f1xx_hal_rcc.o
 .ARM.attributes
                0x000000000000022d       0x2d ./Drivers/STM32F1xx_HAL_Driver/Src/stm32f1xx_hal_spi.o
 .ARM.attributes
                0x000000000000025a       0x2d ./Drivers/STM32F1xx_HAL_Driver/Src/stm32f1xx_hal_uart.o
 .ARM.attributes
                0x0000000000000287       0x2d c:/st/stm32cubeide_1.9.0/stm32cubeide/plugins/com.st.stm32cube.ide.mcu.externaltools.gnu-tools-for-stm32.10.3-2021.10.win32_1.0.0.202111181127/tools/bin/../lib/gcc/arm-none-eabi/10.3.1/../../../../arm-none-eabi/lib/thumb/v7-m/nofp\libc_nano.a(lib_a-init.o)
 .ARM.attributes
                0x00000000000002b4       0x2d c:/st/stm32cubeide_1.9.0/stm32cubeide/plugins/com.st.stm32cube.ide.mcu.externaltools.gnu-tools-for-stm32.10.3-2021.10.win32_1.0.0.202111181127/tools/bin/../lib/gcc/arm-none-eabi/10.3.1/../../../../arm-none-eabi/lib/thumb/v7-m/nofp\libc_nano.a(lib_a-memset.o)
 .ARM.attributes
                0x00000000000002e1       0x1d c:/st/stm32cubeide_1.9.0/stm32cubeide/plugins/com.st.stm32cube.ide.mcu.externaltools.gnu-tools-for-stm32.10.3-2021.10.win32_1.0.0.202111181127/tools/bin/../lib/gcc/arm-none-eabi/10.3.1/thumb/v7-m/nofp/crtn.o
OUTPUT(base-station-f103c6.elf elf32-littlearm)
LOAD linker stubs
LOAD c:/st/stm32cubeide_1.9.0/stm32cubeide/plugins/com.st.stm32cube.ide.mcu.externaltools.gnu-tools-for-stm32.10.3-2021.10.win32_1.0.0.202111181127/tools/bin/../lib/gcc/arm-none-eabi/10.3.1/../../../../arm-none-eabi/lib/thumb/v7-m/nofp\libc.a
LOAD c:/st/stm32cubeide_1.9.0/stm32cubeide/plugins/com.st.stm32cube.ide.mcu.externaltools.gnu-tools-for-stm32.10.3-2021.10.win32_1.0.0.202111181127/tools/bin/../lib/gcc/arm-none-eabi/10.3.1/../../../../arm-none-eabi/lib/thumb/v7-m/nofp\libm.a
LOAD c:/st/stm32cubeide_1.9.0/stm32cubeide/plugins/com.st.stm32cube.ide.mcu.externaltools.gnu-tools-for-stm32.10.3-2021.10.win32_1.0.0.202111181127/tools/bin/../lib/gcc/arm-none-eabi/10.3.1/thumb/v7-m/nofp\libgcc.a

.debug_info     0x0000000000000000     0xab27
 .debug_info    0x0000000000000000     0x13cf ./Core/Src/main.o
 .debug_info    0x00000000000013cf     0x1130 ./Core/Src/nrf24.o
 .debug_info    0x00000000000024ff      0xd64 ./Core/Src/stm32f1xx_hal_msp.o
 .debug_info    0x0000000000003263      0x680 ./Core/Src/stm32f1xx_it.o
 .debug_info    0x00000000000038e3      0x23d ./Core/Src/system_stm32f1xx.o
 .debug_info    0x0000000000003b20       0x22 ./Core/Startup/startup_stm32f103c6tx.o
 .debug_info    0x0000000000003b42      0x716 ./Drivers/STM32F1xx_HAL_Driver/Src/stm32f1xx_hal.o
 .debug_info    0x0000000000004258      0xb02 ./Drivers/STM32F1xx_HAL_Driver/Src/stm32f1xx_hal_cortex.o
 .debug_info    0x0000000000004d5a      0x744 ./Drivers/STM32F1xx_HAL_Driver/Src/stm32f1xx_hal_dma.o
 .debug_info    0x000000000000549e      0x615 ./Drivers/STM32F1xx_HAL_Driver/Src/stm32f1xx_hal_gpio.o
 .debug_info    0x0000000000005ab3      0x865 ./Drivers/STM32F1xx_HAL_Driver/Src/stm32f1xx_hal_rcc.o
 .debug_info    0x0000000000006318     0x165d ./Drivers/STM32F1xx_HAL_Driver/Src/stm32f1xx_hal_spi.o
 .debug_info    0x0000000000007975     0x31b2 ./Drivers/STM32F1xx_HAL_Driver/Src/stm32f1xx_hal_uart.o

.debug_abbrev   0x0000000000000000     0x1a5b
 .debug_abbrev  0x0000000000000000      0x2d1 ./Core/Src/main.o
 .debug_abbrev  0x00000000000002d1      0x24b ./Core/Src/nrf24.o
 .debug_abbrev  0x000000000000051c      0x1f6 ./Core/Src/stm32f1xx_hal_msp.o
 .debug_abbrev  0x0000000000000712      0x166 ./Core/Src/stm32f1xx_it.o
 .debug_abbrev  0x0000000000000878      0x13b ./Core/Src/system_stm32f1xx.o
 .debug_abbrev  0x00000000000009b3       0x12 ./Core/Startup/startup_stm32f103c6tx.o
 .debug_abbrev  0x00000000000009c5      0x1fb ./Drivers/STM32F1xx_HAL_Driver/Src/stm32f1xx_hal.o
 .debug_abbrev  0x0000000000000bc0      0x2ed ./Drivers/STM32F1xx_HAL_Driver/Src/stm32f1xx_hal_cortex.o
 .debug_abbrev  0x0000000000000ead      0x1fe ./Drivers/STM32F1xx_HAL_Driver/Src/stm32f1xx_hal_dma.o
 .debug_abbrev  0x00000000000010ab      0x1bb ./Drivers/STM32F1xx_HAL_Driver/Src/stm32f1xx_hal_gpio.o
 .debug_abbrev  0x0000000000001266      0x2a8 ./Drivers/STM32F1xx_HAL_Driver/Src/stm32f1xx_hal_rcc.o
 .debug_abbrev  0x000000000000150e      0x26e ./Drivers/STM32F1xx_HAL_Driver/Src/stm32f1xx_hal_spi.o
 .debug_abbrev  0x000000000000177c      0x2df ./Drivers/STM32F1xx_HAL_Driver/Src/stm32f1xx_hal_uart.o

.debug_aranges  0x0000000000000000      0x9b0
 .debug_aranges
                0x0000000000000000       0x60 ./Core/Src/main.o
 .debug_aranges
                0x0000000000000060      0x130 ./Core/Src/nrf24.o
 .debug_aranges
                0x0000000000000190       0x40 ./Core/Src/stm32f1xx_hal_msp.o
 .debug_aranges
                0x00000000000001d0       0x70 ./Core/Src/stm32f1xx_it.o
 .debug_aranges
                0x0000000000000240       0x28 ./Core/Src/system_stm32f1xx.o
 .debug_aranges
                0x0000000000000268       0x28 ./Core/Startup/startup_stm32f103c6tx.o
 .debug_aranges
                0x0000000000000290       0xe0 ./Drivers/STM32F1xx_HAL_Driver/Src/stm32f1xx_hal.o
 .debug_aranges
                0x0000000000000370      0x100 ./Drivers/STM32F1xx_HAL_Driver/Src/stm32f1xx_hal_cortex.o
 .debug_aranges
                0x0000000000000470       0x80 ./Drivers/STM32F1xx_HAL_Driver/Src/stm32f1xx_hal_dma.o
 .debug_aranges
                0x00000000000004f0       0x58 ./Drivers/STM32F1xx_HAL_Driver/Src/stm32f1xx_hal_gpio.o
 .debug_aranges
                0x0000000000000548       0x90 ./Drivers/STM32F1xx_HAL_Driver/Src/stm32f1xx_hal_rcc.o
 .debug_aranges
                0x00000000000005d8      0x1d0 ./Drivers/STM32F1xx_HAL_Driver/Src/stm32f1xx_hal_spi.o
 .debug_aranges
                0x00000000000007a8      0x208 ./Drivers/STM32F1xx_HAL_Driver/Src/stm32f1xx_hal_uart.o

.debug_ranges   0x0000000000000000      0x918
 .debug_ranges  0x0000000000000000       0x50 ./Core/Src/main.o
 .debug_ranges  0x0000000000000050      0x120 ./Core/Src/nrf24.o
 .debug_ranges  0x0000000000000170       0x30 ./Core/Src/stm32f1xx_hal_msp.o
 .debug_ranges  0x00000000000001a0       0x60 ./Core/Src/stm32f1xx_it.o
 .debug_ranges  0x0000000000000200       0x18 ./Core/Src/system_stm32f1xx.o
 .debug_ranges  0x0000000000000218       0x20 ./Core/Startup/startup_stm32f103c6tx.o
 .debug_ranges  0x0000000000000238       0xd0 ./Drivers/STM32F1xx_HAL_Driver/Src/stm32f1xx_hal.o
 .debug_ranges  0x0000000000000308       0xf0 ./Drivers/STM32F1xx_HAL_Driver/Src/stm32f1xx_hal_cortex.o
 .debug_ranges  0x00000000000003f8       0x70 ./Drivers/STM32F1xx_HAL_Driver/Src/stm32f1xx_hal_dma.o
 .debug_ranges  0x0000000000000468       0x48 ./Drivers/STM32F1xx_HAL_Driver/Src/stm32f1xx_hal_gpio.o
 .debug_ranges  0x00000000000004b0       0x80 ./Drivers/STM32F1xx_HAL_Driver/Src/stm32f1xx_hal_rcc.o
 .debug_ranges  0x0000000000000530      0x1c0 ./Drivers/STM32F1xx_HAL_Driver/Src/stm32f1xx_hal_spi.o
 .debug_ranges  0x00000000000006f0      0x228 ./Drivers/STM32F1xx_HAL_Driver/Src/stm32f1xx_hal_uart.o

.debug_macro    0x0000000000000000    0x1708a
 .debug_macro   0x0000000000000000      0x28f ./Core/Src/main.o
 .debug_macro   0x000000000000028f      0xa6c ./Core/Src/main.o
 .debug_macro   0x0000000000000cfb      0x221 ./Core/Src/main.o
 .debug_macro   0x0000000000000f1c       0x2e ./Core/Src/main.o
 .debug_macro   0x0000000000000f4a       0x22 ./Core/Src/main.o
 .debug_macro   0x0000000000000f6c       0x22 ./Core/Src/main.o
 .debug_macro   0x0000000000000f8e       0x8e ./Core/Src/main.o
 .debug_macro   0x000000000000101c       0x51 ./Core/Src/main.o
 .debug_macro   0x000000000000106d      0x103 ./Core/Src/main.o
 .debug_macro   0x0000000000001170       0x6a ./Core/Src/main.o
 .debug_macro   0x00000000000011da      0x1df ./Core/Src/main.o
 .debug_macro   0x00000000000013b9       0x1c ./Core/Src/main.o
 .debug_macro   0x00000000000013d5       0x22 ./Core/Src/main.o
 .debug_macro   0x00000000000013f7       0xbd ./Core/Src/main.o
 .debug_macro   0x00000000000014b4      0xd23 ./Core/Src/main.o
 .debug_macro   0x00000000000021d7     0xde75 ./Core/Src/main.o
 .debug_macro   0x000000000001004c       0x6d ./Core/Src/main.o
 .debug_macro   0x00000000000100b9     0x348d ./Core/Src/main.o
 .debug_macro   0x0000000000013546      0x174 ./Core/Src/main.o
 .debug_macro   0x00000000000136ba       0x5c ./Core/Src/main.o
 .debug_macro   0x0000000000013716      0x5bc ./Core/Src/main.o
 .debug_macro   0x0000000000013cd2      0x1b7 ./Core/Src/main.o
 .debug_macro   0x0000000000013e89      0x1cb ./Core/Src/main.o
 .debug_macro   0x0000000000014054      0x114 ./Core/Src/main.o
 .debug_macro   0x0000000000014168      0x1b2 ./Core/Src/main.o
 .debug_macro   0x000000000001431a       0x27 ./Core/Src/main.o
 .debug_macro   0x0000000000014341      0x12f ./Core/Src/main.o
 .debug_macro   0x0000000000014470      0x1bc ./Core/Src/main.o
 .debug_macro   0x000000000001462c       0x34 ./Core/Src/main.o
 .debug_macro   0x0000000000014660       0x3c ./Core/Src/main.o
 .debug_macro   0x000000000001469c       0x57 ./Core/Src/main.o
 .debug_macro   0x00000000000146f3       0x87 ./Core/Src/main.o
 .debug_macro   0x000000000001477a      0x183 ./Core/Src/main.o
 .debug_macro   0x00000000000148fd      0x140 ./Core/Src/main.o
 .debug_macro   0x0000000000014a3d      0x217 ./Core/Src/main.o
 .debug_macro   0x0000000000014c54      0x28e ./Core/Src/main.o
 .debug_macro   0x0000000000014ee2       0x69 ./Core/Src/main.o
 .debug_macro   0x0000000000014f4b      0x160 ./Core/Src/main.o
 .debug_macro   0x00000000000150ab       0x52 ./Core/Src/main.o
 .debug_macro   0x00000000000150fd       0x18 ./Core/Src/main.o
 .debug_macro   0x0000000000015115       0x3c ./Core/Src/main.o
 .debug_macro   0x0000000000015151       0x34 ./Core/Src/main.o
 .debug_macro   0x0000000000015185       0x16 ./Core/Src/main.o
 .debug_macro   0x000000000001519b       0x43 ./Core/Src/main.o
 .debug_macro   0x00000000000151de       0x34 ./Core/Src/main.o
 .debug_macro   0x0000000000015212       0x10 ./Core/Src/main.o
 .debug_macro   0x0000000000015222       0x58 ./Core/Src/main.o
 .debug_macro   0x000000000001527a       0x71 ./Core/Src/main.o
 .debug_macro   0x00000000000152eb       0x1c ./Core/Src/main.o
 .debug_macro   0x0000000000015307      0x12a ./Core/Src/main.o
 .debug_macro   0x0000000000015431      0x341 ./Core/Src/main.o
 .debug_macro   0x0000000000015772       0x10 ./Core/Src/main.o
 .debug_macro   0x0000000000015782       0x35 ./Core/Src/main.o
 .debug_macro   0x00000000000157b7       0x20 ./Core/Src/main.o
 .debug_macro   0x00000000000157d7      0x304 ./Core/Src/nrf24.o
 .debug_macro   0x0000000000015adb      0x15a ./Core/Src/nrf24.o
 .debug_macro   0x0000000000015c35       0x16 ./Core/Src/nrf24.o
 .debug_macro   0x0000000000015c4b       0x10 ./Core/Src/nrf24.o
 .debug_macro   0x0000000000015c5b       0x10 ./Core/Src/nrf24.o
 .debug_macro   0x0000000000015c6b       0x1c ./Core/Src/nrf24.o
 .debug_macro   0x0000000000015c87       0x52 ./Core/Src/nrf24.o
 .debug_macro   0x0000000000015cd9       0x22 ./Core/Src/nrf24.o
 .debug_macro   0x0000000000015cfb       0x10 ./Core/Src/nrf24.o
 .debug_macro   0x0000000000015d0b       0x52 ./Core/Src/nrf24.o
 .debug_macro   0x0000000000015d5d       0xd5 ./Core/Src/nrf24.o
 .debug_macro   0x0000000000015e32       0x1c ./Core/Src/nrf24.o
 .debug_macro   0x0000000000015e4e       0x3d ./Core/Src/nrf24.o
 .debug_macro   0x0000000000015e8b       0x16 ./Core/Src/nrf24.o
 .debug_macro   0x0000000000015ea1      0x145 ./Core/Src/nrf24.o
 .debug_macro   0x0000000000015fe6      0x1a0 ./Core/Src/stm32f1xx_hal_msp.o
 .debug_macro   0x0000000000016186      0x1aa ./Core/Src/stm32f1xx_it.o
 .debug_macro   0x0000000000016330      0x196 ./Core/Src/system_stm32f1xx.o
 .debug_macro   0x00000000000164c6      0x1ba ./Drivers/STM32F1xx_HAL_Driver/Src/stm32f1xx_hal.o
 .debug_macro   0x0000000000016680      0x196 ./Drivers/STM32F1xx_HAL_Driver/Src/stm32f1xx_hal_cortex.o
 .debug_macro   0x0000000000016816      0x196 ./Drivers/STM32F1xx_HAL_Driver/Src/stm32f1xx_hal_dma.o
 .debug_macro   0x00000000000169ac      0x201 ./Drivers/STM32F1xx_HAL_Driver/Src/stm32f1xx_hal_gpio.o
 .debug_macro   0x0000000000016bad      0x1a8 ./Drivers/STM32F1xx_HAL_Driver/Src/stm32f1xx_hal_rcc.o
 .debug_macro   0x0000000000016d55      0x19e ./Drivers/STM32F1xx_HAL_Driver/Src/stm32f1xx_hal_spi.o
 .debug_macro   0x0000000000016ef3      0x197 ./Drivers/STM32F1xx_HAL_Driver/Src/stm32f1xx_hal_uart.o

.debug_line     0x0000000000000000     0xa87f
 .debug_line    0x0000000000000000      0x9f7 ./Core/Src/main.o
 .debug_line    0x00000000000009f7      0xd4c ./Core/Src/nrf24.o
 .debug_line    0x0000000000001743      0x721 ./Core/Src/stm32f1xx_hal_msp.o
 .debug_line    0x0000000000001e64      0x747 ./Core/Src/stm32f1xx_it.o
 .debug_line    0x00000000000025ab      0x6d2 ./Core/Src/system_stm32f1xx.o
 .debug_line    0x0000000000002c7d       0x86 ./Core/Startup/startup_stm32f103c6tx.o
 .debug_line    0x0000000000002d03      0x8ff ./Drivers/STM32F1xx_HAL_Driver/Src/stm32f1xx_hal.o
 .debug_line    0x0000000000003602      0xae7 ./Drivers/STM32F1xx_HAL_Driver/Src/stm32f1xx_hal_cortex.o
 .debug_line    0x00000000000040e9      0xd58 ./Drivers/STM32F1xx_HAL_Driver/Src/stm32f1xx_hal_dma.o
 .debug_line    0x0000000000004e41      0x983 ./Drivers/STM32F1xx_HAL_Driver/Src/stm32f1xx_hal_gpio.o
 .debug_line    0x00000000000057c4      0xd0b ./Drivers/STM32F1xx_HAL_Driver/Src/stm32f1xx_hal_rcc.o
 .debug_line    0x00000000000064cf     0x1b80 ./Drivers/STM32F1xx_HAL_Driver/Src/stm32f1xx_hal_spi.o
 .debug_line    0x000000000000804f     0x2830 ./Drivers/STM32F1xx_HAL_Driver/Src/stm32f1xx_hal_uart.o

.debug_str      0x0000000000000000    0x82487
 .debug_str     0x0000000000000000    0x7f854 ./Core/Src/main.o
                                      0x7fc94 (size before relaxing)
 .debug_str     0x000000000007f854     0x117d ./Core/Src/nrf24.o
                                      0x8056c (size before relaxing)
 .debug_str     0x00000000000809d1       0xe0 ./Core/Src/stm32f1xx_hal_msp.o
                                      0x7c1df (size before relaxing)
 .debug_str     0x0000000000080ab1      0x11b ./Core/Src/stm32f1xx_it.o
                                      0x7bd00 (size before relaxing)
 .debug_str     0x0000000000080bcc       0x7e ./Core/Src/system_stm32f1xx.o
                                      0x7b888 (size before relaxing)
 .debug_str     0x0000000000080c4a       0x36 ./Core/Startup/startup_stm32f103c6tx.o
                                         0x6d (size before relaxing)
 .debug_str     0x0000000000080c80      0x384 ./Drivers/STM32F1xx_HAL_Driver/Src/stm32f1xx_hal.o
                                      0x7bf81 (size before relaxing)
 .debug_str     0x0000000000081004      0x294 ./Drivers/STM32F1xx_HAL_Driver/Src/stm32f1xx_hal_cortex.o
                                      0x7becd (size before relaxing)
 .debug_str     0x0000000000081298      0x20b ./Drivers/STM32F1xx_HAL_Driver/Src/stm32f1xx_hal_dma.o
                                      0x7bc31 (size before relaxing)
 .debug_str     0x00000000000814a3      0x2e1 ./Drivers/STM32F1xx_HAL_Driver/Src/stm32f1xx_hal_gpio.o
                                      0x7bc0e (size before relaxing)
 .debug_str     0x0000000000081784      0x229 ./Drivers/STM32F1xx_HAL_Driver/Src/stm32f1xx_hal_rcc.o
                                      0x7bcb7 (size before relaxing)
 .debug_str     0x00000000000819ad      0x524 ./Drivers/STM32F1xx_HAL_Driver/Src/stm32f1xx_hal_spi.o
                                      0x7c1b4 (size before relaxing)
 .debug_str     0x0000000000081ed1      0x5b6 ./Drivers/STM32F1xx_HAL_Driver/Src/stm32f1xx_hal_uart.o
                                      0x7c328 (size before relaxing)

.comment        0x0000000000000000       0x50
 .comment       0x0000000000000000       0x50 ./Core/Src/main.o
                                         0x51 (size before relaxing)
 .comment       0x0000000000000050       0x51 ./Core/Src/nrf24.o
 .comment       0x0000000000000050       0x51 ./Core/Src/stm32f1xx_hal_msp.o
 .comment       0x0000000000000050       0x51 ./Core/Src/stm32f1xx_it.o
 .comment       0x0000000000000050       0x51 ./Core/Src/system_stm32f1xx.o
 .comment       0x0000000000000050       0x51 ./Drivers/STM32F1xx_HAL_Driver/Src/stm32f1xx_hal.o
 .comment       0x0000000000000050       0x51 ./Drivers/STM32F1xx_HAL_Driver/Src/stm32f1xx_hal_cortex.o
 .comment       0x0000000000000050       0x51 ./Drivers/STM32F1xx_HAL_Driver/Src/stm32f1xx_hal_dma.o
 .comment       0x0000000000000050       0x51 ./Drivers/STM32F1xx_HAL_Driver/Src/stm32f1xx_hal_gpio.o
 .comment       0x0000000000000050       0x51 ./Drivers/STM32F1xx_HAL_Driver/Src/stm32f1xx_hal_rcc.o
 .comment       0x0000000000000050       0x51 ./Drivers/STM32F1xx_HAL_Driver/Src/stm32f1xx_hal_spi.o
 .comment       0x0000000000000050       0x51 ./Drivers/STM32F1xx_HAL_Driver/Src/stm32f1xx_hal_uart.o

.debug_frame    0x0000000000000000     0x2710
 .debug_frame   0x0000000000000000      0x138 ./Core/Src/main.o
 .debug_frame   0x0000000000000138      0x500 ./Core/Src/nrf24.o
 .debug_frame   0x0000000000000638       0xc8 ./Core/Src/stm32f1xx_hal_msp.o
 .debug_frame   0x0000000000000700      0x13c ./Core/Src/stm32f1xx_it.o
 .debug_frame   0x000000000000083c       0x58 ./Core/Src/system_stm32f1xx.o
 .debug_frame   0x0000000000000894      0x334 ./Drivers/STM32F1xx_HAL_Driver/Src/stm32f1xx_hal.o
 .debug_frame   0x0000000000000bc8      0x428 ./Drivers/STM32F1xx_HAL_Driver/Src/stm32f1xx_hal_cortex.o
 .debug_frame   0x0000000000000ff0      0x208 ./Drivers/STM32F1xx_HAL_Driver/Src/stm32f1xx_hal_dma.o
 .debug_frame   0x00000000000011f8      0x14c ./Drivers/STM32F1xx_HAL_Driver/Src/stm32f1xx_hal_gpio.o
 .debug_frame   0x0000000000001344      0x218 ./Drivers/STM32F1xx_HAL_Driver/Src/stm32f1xx_hal_rcc.o
 .debug_frame   0x000000000000155c      0x824 ./Drivers/STM32F1xx_HAL_Driver/Src/stm32f1xx_hal_spi.o
 .debug_frame   0x0000000000001d80      0x944 ./Drivers/STM32F1xx_HAL_Driver/Src/stm32f1xx_hal_uart.o
 .debug_frame   0x00000000000026c4       0x2c c:/st/stm32cubeide_1.9.0/stm32cubeide/plugins/com.st.stm32cube.ide.mcu.externaltools.gnu-tools-for-stm32.10.3-2021.10.win32_1.0.0.202111181127/tools/bin/../lib/gcc/arm-none-eabi/10.3.1/../../../../arm-none-eabi/lib/thumb/v7-m/nofp\libc_nano.a(lib_a-init.o)
 .debug_frame   0x00000000000026f0       0x20 c:/st/stm32cubeide_1.9.0/stm32cubeide/plugins/com.st.stm32cube.ide.mcu.externaltools.gnu-tools-for-stm32.10.3-2021.10.win32_1.0.0.202111181127/tools/bin/../lib/gcc/arm-none-eabi/10.3.1/../../../../arm-none-eabi/lib/thumb/v7-m/nofp\libc_nano.a(lib_a-memset.o)
