Archive member included to satisfy reference by file (symbol)

C:/ST/STM32CubeIDE_1.18.1/STM32CubeIDE/plugins/com.st.stm32cube.ide.mcu.externaltools.gnu-tools-for-stm32.13.3.rel1.win32_1.0.0.202411081344/tools/bin/../lib/gcc/arm-none-eabi/13.3.1/../../../../arm-none-eabi/lib/thumb/v7-m/nofp\libc_nano.a(libc_a-exit.o)
                              C:/ST/STM32CubeIDE_1.18.1/STM32CubeIDE/plugins/com.st.stm32cube.ide.mcu.externaltools.gnu-tools-for-stm32.13.3.rel1.win32_1.0.0.202411081344/tools/bin/../lib/gcc/arm-none-eabi/13.3.1/../../../../arm-none-eabi/lib/thumb/v7-m/nofp/crt0.o (exit)
C:/ST/STM32CubeIDE_1.18.1/STM32CubeIDE/plugins/com.st.stm32cube.ide.mcu.externaltools.gnu-tools-for-stm32.13.3.rel1.win32_1.0.0.202411081344/tools/bin/../lib/gcc/arm-none-eabi/13.3.1/../../../../arm-none-eabi/lib/thumb/v7-m/nofp\libc_nano.a(libc_a-findfp.o)
                              C:/ST/STM32CubeIDE_1.18.1/STM32CubeIDE/plugins/com.st.stm32cube.ide.mcu.externaltools.gnu-tools-for-stm32.13.3.rel1.win32_1.0.0.202411081344/tools/bin/../lib/gcc/arm-none-eabi/13.3.1/../../../../arm-none-eabi/lib/thumb/v7-m/nofp\libc_nano.a(libc_a-exit.o) (__stdio_exit_handler)
C:/ST/STM32CubeIDE_1.18.1/STM32CubeIDE/plugins/com.st.stm32cube.ide.mcu.externaltools.gnu-tools-for-stm32.13.3.rel1.win32_1.0.0.202411081344/tools/bin/../lib/gcc/arm-none-eabi/13.3.1/../../../../arm-none-eabi/lib/thumb/v7-m/nofp\libc_nano.a(libc_a-fwalk.o)
                              C:/ST/STM32CubeIDE_1.18.1/STM32CubeIDE/plugins/com.st.stm32cube.ide.mcu.externaltools.gnu-tools-for-stm32.13.3.rel1.win32_1.0.0.202411081344/tools/bin/../lib/gcc/arm-none-eabi/13.3.1/../../../../arm-none-eabi/lib/thumb/v7-m/nofp\libc_nano.a(libc_a-findfp.o) (_fwalk_sglue)
C:/ST/STM32CubeIDE_1.18.1/STM32CubeIDE/plugins/com.st.stm32cube.ide.mcu.externaltools.gnu-tools-for-stm32.13.3.rel1.win32_1.0.0.202411081344/tools/bin/../lib/gcc/arm-none-eabi/13.3.1/../../../../arm-none-eabi/lib/thumb/v7-m/nofp\libc_nano.a(libc_a-stdio.o)
                              C:/ST/STM32CubeIDE_1.18.1/STM32CubeIDE/plugins/com.st.stm32cube.ide.mcu.externaltools.gnu-tools-for-stm32.13.3.rel1.win32_1.0.0.202411081344/tools/bin/../lib/gcc/arm-none-eabi/13.3.1/../../../../arm-none-eabi/lib/thumb/v7-m/nofp\libc_nano.a(libc_a-findfp.o) (__sread)
C:/ST/STM32CubeIDE_1.18.1/STM32CubeIDE/plugins/com.st.stm32cube.ide.mcu.externaltools.gnu-tools-for-stm32.13.3.rel1.win32_1.0.0.202411081344/tools/bin/../lib/gcc/arm-none-eabi/13.3.1/../../../../arm-none-eabi/lib/thumb/v7-m/nofp\libc_nano.a(libc_a-memset.o)
                              C:/ST/STM32CubeIDE_1.18.1/STM32CubeIDE/plugins/com.st.stm32cube.ide.mcu.externaltools.gnu-tools-for-stm32.13.3.rel1.win32_1.0.0.202411081344/tools/bin/../lib/gcc/arm-none-eabi/13.3.1/../../../../arm-none-eabi/lib/thumb/v7-m/nofp/crt0.o (memset)
C:/ST/STM32CubeIDE_1.18.1/STM32CubeIDE/plugins/com.st.stm32cube.ide.mcu.externaltools.gnu-tools-for-stm32.13.3.rel1.win32_1.0.0.202411081344/tools/bin/../lib/gcc/arm-none-eabi/13.3.1/../../../../arm-none-eabi/lib/thumb/v7-m/nofp\libc_nano.a(libc_a-closer.o)
                              C:/ST/STM32CubeIDE_1.18.1/STM32CubeIDE/plugins/com.st.stm32cube.ide.mcu.externaltools.gnu-tools-for-stm32.13.3.rel1.win32_1.0.0.202411081344/tools/bin/../lib/gcc/arm-none-eabi/13.3.1/../../../../arm-none-eabi/lib/thumb/v7-m/nofp\libc_nano.a(libc_a-stdio.o) (_close_r)
C:/ST/STM32CubeIDE_1.18.1/STM32CubeIDE/plugins/com.st.stm32cube.ide.mcu.externaltools.gnu-tools-for-stm32.13.3.rel1.win32_1.0.0.202411081344/tools/bin/../lib/gcc/arm-none-eabi/13.3.1/../../../../arm-none-eabi/lib/thumb/v7-m/nofp\libc_nano.a(libc_a-reent.o)
                              C:/ST/STM32CubeIDE_1.18.1/STM32CubeIDE/plugins/com.st.stm32cube.ide.mcu.externaltools.gnu-tools-for-stm32.13.3.rel1.win32_1.0.0.202411081344/tools/bin/../lib/gcc/arm-none-eabi/13.3.1/../../../../arm-none-eabi/lib/thumb/v7-m/nofp\libc_nano.a(libc_a-closer.o) (errno)
C:/ST/STM32CubeIDE_1.18.1/STM32CubeIDE/plugins/com.st.stm32cube.ide.mcu.externaltools.gnu-tools-for-stm32.13.3.rel1.win32_1.0.0.202411081344/tools/bin/../lib/gcc/arm-none-eabi/13.3.1/../../../../arm-none-eabi/lib/thumb/v7-m/nofp\libc_nano.a(libc_a-impure.o)
                              C:/ST/STM32CubeIDE_1.18.1/STM32CubeIDE/plugins/com.st.stm32cube.ide.mcu.externaltools.gnu-tools-for-stm32.13.3.rel1.win32_1.0.0.202411081344/tools/bin/../lib/gcc/arm-none-eabi/13.3.1/../../../../arm-none-eabi/lib/thumb/v7-m/nofp\libc_nano.a(libc_a-reent.o) (_impure_ptr)
C:/ST/STM32CubeIDE_1.18.1/STM32CubeIDE/plugins/com.st.stm32cube.ide.mcu.externaltools.gnu-tools-for-stm32.13.3.rel1.win32_1.0.0.202411081344/tools/bin/../lib/gcc/arm-none-eabi/13.3.1/../../../../arm-none-eabi/lib/thumb/v7-m/nofp\libc_nano.a(libc_a-lseekr.o)
[...]
Memory Configuration

Name             Origin             Length             Attributes
RAM              0x20000000         0x00002800         xrw
FLASH            0x08000000         0x00008000         xr
*default*        0x00000000         0xffffffff

Linker script and memory map

LOAD C:/ST/STM32CubeIDE_1.18.1/STM32CubeIDE/plugins/com.st.stm32cube.ide.mcu.externaltools.gnu-tools-for-stm32.13.3.rel1.win32_1.0.0.202411081344/tools/bin/../lib/gcc/arm-none-eabi/13.3.1/thumb/v7-m/nofp/crti.o
LOAD C:/ST/STM32CubeIDE_1.18.1/STM32CubeIDE/plugins/com.st.stm32cube.ide.mcu.externaltools.gnu-tools-for-stm32.13.3.rel1.win32_1.0.0.202411081344/tools/bin/../lib/gcc/arm-none-eabi/13.3.1/thumb/v7-m/nofp/crtbegin.o
LOAD C:/ST/STM32CubeIDE_1.18.1/STM32CubeIDE/plugins/com.st.stm32cube.ide.mcu.externaltools.gnu-tools-for-stm32.13.3.rel1.win32_1.0.0.202411081344/tools/bin/../lib/gcc/arm-none-eabi/13.3.1/../../../../arm-none-eabi/lib/thumb/v7-m/nofp/crt0.o
LOAD ./Core/Src/main.o
LOAD ./Core/Src/nrf24.o
LOAD ./Core/Src/stm32f1xx_hal_msp.o
LOAD ./Core/Src/stm32f1xx_it.o
LOAD ./Core/Src/syscalls.o
LOAD ./Core/Src/sysmem.o
LOAD ./Core/Src/system_stm32f1xx.o
LOAD ./Core/Startup/startup_stm32f103c6tx.o
LOAD ./Drivers/STM32F1xx_HAL_Driver/Src/stm32f1xx_hal.o
LOAD ./Drivers/STM32F1xx_HAL_Driver/Src/stm32f1xx_hal_cortex.o
LOAD ./Drivers/STM32F1xx_HAL_Driver/Src/stm32f1xx_hal_dma.o
LOAD ./Drivers/STM32F1xx_HAL_Driver/Src/stm32f1xx_hal_exti.o
LOAD ./Drivers/STM32F1xx_HAL_Driver/Src/stm32f1xx_hal_flash.o
LOAD ./Drivers/STM32F1xx_HAL_Driver/Src/stm32f1xx_hal_flash_ex.o
LOAD ./Drivers/STM32F1xx_HAL_Driver/Src/stm32f1xx_hal_gpio.o
LOAD ./Drivers/STM32F1xx_HAL_Driver/Src/stm32f1xx_hal_gpio_ex.o
LOAD ./Drivers/STM32F1xx_HAL_Driver/Src/stm32f1xx_hal_pwr.o
LOAD ./Drivers/STM32F1xx_HAL_Driver/Src/stm32f1xx_hal_rcc.o
LOAD ./Drivers/STM32F1xx_HAL_Driver/Src/stm32f1xx_hal_rcc_ex.o
LOAD ./Drivers/STM32F1xx_HAL_Driver/Src/stm32f1xx_hal_spi.o
LOAD ./Drivers/STM32F1xx_HAL_Driver/Src/stm32f1xx_hal_tim.o
LOAD ./Drivers/STM32F1xx_HAL_Driver/Src/stm32f1xx_hal_tim_ex.o
LOAD ./Drivers/STM32F1xx_HAL_Driver/Src/stm32f1xx_hal_uart.o
START GROUP
LOAD C:/ST/STM32CubeIDE_1.18.1/STM32CubeIDE/plugins/com.st.stm32cube.ide.mcu.externaltools.gnu-tools-for-stm32.13.3.rel1.win32_1.0.0.202411081344/tools/bin/../lib/gcc/arm-none-eabi/13.3.1/../../../../arm-none-eabi/lib/thumb/v7-m/nofp\libc_nano.a
LOAD C:/ST/STM32CubeIDE_1.18.1/STM32CubeIDE/plugins/com.st.stm32cube.ide.mcu.externaltools.gnu-tools-for-stm32.13.3.rel1.win32_1.0.0.202411081344/tools/bin/../lib/gcc/arm-none-eabi/13.3.1/../../../../arm-none-eabi/lib/thumb/v7-m/nofp\libm.a
END GROUP
START GROUP
LOAD C:/ST/STM32CubeIDE_1.18.1/STM32CubeIDE/plugins/com.st.stm32cube.ide.mcu.externaltools.gnu-tools-for-stm32.13.3.rel1.win32_1.0.0.202411081344/tools/bin/../lib/gcc/arm-none-eabi/13.3.1/thumb/v7-m/nofp\libgcc.a
LOAD C:/ST/STM32CubeIDE_1.18.1/STM32CubeIDE/plugins/com.st.stm32cube.ide.mcu.externaltools.gnu-tools-for-stm32.13.3.rel1.win32_1.0.0.202411081344/tools/bin/../lib/gcc/arm-none-eabi/13.3.1/../../../../arm-none-eabi/lib/thumb/v7-m/nofp\libc_nano.a
END GROUP
START GROUP
LOAD C:/ST/STM32CubeIDE_1.18.1/STM32CubeIDE/plugins/com.st.stm32cube.ide.mcu.externaltools.gnu-tools-for-stm32.13.3.rel1.win32_1.0.0.202411081344/tools/bin/../lib/gcc/arm-none-eabi/13.3.1/thumb/v7-m/nofp\libgcc.a
LOAD C:/ST/STM32CubeIDE_1.18.1/STM32CubeIDE/plugins/com.st.stm32cube.ide.mcu.externaltools.gnu-tools-for-stm32.13.3.rel1.win32_1.0.0.202411081344/tools/bin/../lib/gcc/arm-none-eabi/13.3.1/../../../../arm-none-eabi/lib/thumb/v7-m/nofp\libc_nano.a
LOAD C:/ST/STM32CubeIDE_1.18.1/STM32CubeIDE/plugins/com.st.stm32cube.ide.mcu.externaltools.gnu-tools-for-stm32.13.3.rel1.win32_1.0.0.202411081344/tools/bin/../lib/gcc/arm-none-eabi/13.3.1/../../../../arm-none-eabi/lib/thumb/v7-m/nofp\libnosys.a
END GROUP
START GROUP
LOAD C:/ST/STM32CubeIDE_1.18.1/STM32CubeIDE/plugins/com.st.stm32cube.ide.mcu.externaltools.gnu-tools-for-stm32.13.3.rel1.win32_1.0.0.202411081344/tools/bin/../lib/gcc/arm-none-eabi/13.3.1/thumb/v7-m/nofp\libgcc.a
LOAD C:/ST/STM32CubeIDE_1.18.1/STM32CubeIDE/plugins/com.st.stm32cube.ide.mcu.externaltools.gnu-tools-for-stm32.13.3.rel1.win32_1.0.0.202411081344/tools/bin/../lib/gcc/arm-none-eabi/13.3.1/../../../../arm-none-eabi/lib/thumb/v7-m/nofp\libc_nano.a
LOAD C:/ST/STM32CubeIDE_1.18.1/STM32CubeIDE/plugins/com.st.stm32cube.ide.mcu.externaltools.gnu-tools-for-stm32.13.3.rel1.win32_1.0.0.202411081344/tools/bin/../lib/gcc/arm-none-eabi/13.3.1/../../../../arm-none-eabi/lib/thumb/v7-m/nofp\libnosys.a
END GROUP
LOAD C:/ST/STM32CubeIDE_1.18.1/STM32CubeIDE/plugins/com.st.stm32cube.ide.mcu.externaltools.gnu-tools-for-stm32.13.3.rel1.win32_1.0.0.202411081344/tools/bin/../lib/gcc/arm-none-eabi/13.3.1/thumb/v7-m/nofp/crtend.o
LOAD C:/ST/STM32CubeIDE_1.18.1/STM32CubeIDE/plugins/com.st.stm32cube.ide.mcu.externaltools.gnu-tools-for-stm32.13.3.rel1.win32_1.0.0.202411081344/tools/bin/../lib/gcc/arm-none-eabi/13.3.1/thumb/v7-m/nofp/crtn.o
                0x20002800                        _estack = (ORIGIN (RAM) + LENGTH (RAM))
                0x00000200                        _Min_Heap_Size = 0x200
                0x00000400                        _Min_Stack_Size = 0x400

.isr_vector     0x08000000      0x10c
                0x08000000                        . = ALIGN (0x4)
 *(.isr_vector)
 .isr_vector    0x08000000      0x10c ./Core/Startup/startup_stm32f103c6tx.o
                0x08000000                g_pfnVectors
                0x0800010c                        . = ALIGN (0x4)

.text           0x0800010c     0x370c
                0x0800010c                        . = ALIGN (0x4)
 *(.text)
 .text          0x0800010c       0x40 C:/ST/STM32CubeIDE_1.18.1/STM32CubeIDE/plugins/com.st.stm32cube.ide.mcu.externaltools.gnu-tools-for-stm32.13.3.rel1.win32_1.0.0.202411081344/tools/bin/../lib/gcc/arm-none-eabi/13.3.1/thumb/v7-m/nofp/crtbegin.o
 *(.text*)
 .text.__NVIC_SystemReset
                0x0800014c       0x2c ./Core/Src/main.o
 .text.main     0x08000178      0x1a8 ./Core/Src/main.o
                0x08000178                main
 .text.SystemClock_Config
                0x08000320       0x8a ./Core/Src/main.o
                0x08000320                SystemClock_Config
 *fill*         0x080003aa        0x2 
 .text.MX_SPI1_Init
                0x080003ac       0x6c ./Core/Src/main.o
 .text.MX_USART1_UART_Init
                0x08000418       0x54 ./Core/Src/main.o
 .text.MX_DMA_Init
                0x0800046c       0x3c ./Core/Src/main.o
 .text.MX_GPIO_Init
                0x080004a8      0x104 ./Core/Src/main.o
 .text.nRF24_TxPacket
                0x080005ac       0xac ./Core/Src/main.o
                0x080005ac                nRF24_TxPacket
 .text.HAL_UART_RxCpltCallback
                0x08000658       0x84 ./Core/Src/main.o
                0x08000658                HAL_UART_RxCpltCallback
 .text.Error_Handler
                0x080006dc        0xc ./Core/Src/main.o
                0x080006dc                Error_Handler
 .text.nRF24_CE_State
                0x080006e8       0x24 ./Core/Src/nrf24.o
                0x080006e8                nRF24_CE_State
 .text.nRF24_CSN_State
                0x0800070c       0x24 ./Core/Src/nrf24.o
                0x0800070c                nRF24_CSN_State
 .text.nRF24_HW_Init
                0x08000730       0x44 ./Core/Src/nrf24.o
                0x08000730                nRF24_HW_Init
 .text.nRF24_LL_RW
                0x08000774       0x2c ./Core/Src/nrf24.o
                0x08000774                nRF24_LL_RW
 .text.nRF24_ReadReg
                0x080007a0       0x42 ./Core/Src/nrf24.o
                0x080007a0                nRF24_ReadReg
 .text.nRF24_WriteReg
                0x080007e2       0x80 ./Core/Src/nrf24.o
                0x080007e2                nRF24_WriteReg
 .text.nRF24_ReadMBReg
                0x08000862       0x54 ./Core/Src/nrf24.o
                0x08000862                nRF24_ReadMBReg
 .text.nRF24_WriteMBReg
                0x080008b6       0x52 ./Core/Src/nrf24.o
                0x080008b6                nRF24_WriteMBReg
 .text.nRF24_Init
                0x08000908       0xca ./Core/Src/nrf24.o
                0x08000908                nRF24_Init
 .text.nRF24_SetPowerMode
                0x080009d2       0x44 ./Core/Src/nrf24.o
                0x080009d2                nRF24_SetPowerMode
 .text.nRF24_SetOperationalMode
                0x08000a16       0x48 ./Core/Src/nrf24.o
                0x08000a16                nRF24_SetOperationalMode
 .text.nRF24_SetRFChannel
                0x08000a5e       0x20 ./Core/Src/nrf24.o
                0x08000a5e                nRF24_SetRFChannel
 *fill*         0x08000a7e        0x2 
 .text.nRF24_SetAddr
                0x08000a80      0x15c ./Core/Src/nrf24.o
                0x08000a80                nRF24_SetAddr
 .text.nRF24_SetRXPipe
                0x08000bdc       0xb8 ./Core/Src/nrf24.o
                0x08000bdc                nRF24_SetRXPipe
 .text.nRF24_DisableAA
                0x08000c94       0x56 ./Core/Src/nrf24.o
                0x08000c94                nRF24_DisableAA
 .text.nRF24_GetStatus
                0x08000cea       0x1a ./Core/Src/nrf24.o
                0x08000cea                nRF24_GetStatus
 .text.nRF24_FlushTX
                0x08000d04       0x1a ./Core/Src/nrf24.o
                0x08000d04                nRF24_FlushTX
 .text.nRF24_FlushRX
                0x08000d1e       0x1a ./Core/Src/nrf24.o
                0x08000d1e                nRF24_FlushRX
 .text.nRF24_ClearIRQFlags
                0x08000d38       0x30 ./Core/Src/nrf24.o
                0x08000d38                nRF24_ClearIRQFlags
 .text.nRF24_WritePayload
                0x08000d68       0x22 ./Core/Src/nrf24.o
                0x08000d68                nRF24_WritePayload
 *fill*         0x08000d8a        0x2 
 .text.HAL_MspInit
                0x08000d8c       0x64 ./Core/Src/stm32f1xx_hal_msp.o
                0x08000d8c                HAL_MspInit
 .text.HAL_SPI_MspInit
                0x08000df0       0x94 ./Core/Src/stm32f1xx_hal_msp.o
                0x08000df0                HAL_SPI_MspInit
 .text.HAL_UART_MspInit
                0x08000e84       0xfc ./Core/Src/stm32f1xx_hal_msp.o
                0x08000e84                HAL_UART_MspInit
 .text.NMI_Handler
                0x08000f80        0x8 ./Core/Src/stm32f1xx_it.o
                0x08000f80                NMI_Handler
 .text.HardFault_Handler
                0x08000f88        0x8 ./Core/Src/stm32f1xx_it.o
                0x08000f88                HardFault_Handler
 .text.MemManage_Handler
                0x08000f90        0x8 ./Core/Src/stm32f1xx_it.o
                0x08000f90                MemManage_Handler
 .text.BusFault_Handler
                0x08000f98        0x8 ./Core/Src/stm32f1xx_it.o
                0x08000f98                BusFault_Handler
 .text.UsageFault_Handler
                0x08000fa0        0x8 ./Core/Src/stm32f1xx_it.o
                0x08000fa0                UsageFault_Handler
 .text.SVC_Handler
                0x08000fa8        0xc ./Core/Src/stm32f1xx_it.o
                0x08000fa8                SVC_Handler
 .text.DebugMon_Handler
                0x08000fb4        0xc ./Core/Src/stm32f1xx_it.o
                0x08000fb4                DebugMon_Handler
 .text.PendSV_Handler
                0x08000fc0        0xc ./Core/Src/stm32f1xx_it.o
                0x08000fc0                PendSV_Handler
 .text.SysTick_Handler
                0x08000fcc        0xc ./Core/Src/stm32f1xx_it.o
                0x08000fcc                SysTick_Handler
 .text.DMA1_Channel5_IRQHandler
                0x08000fd8       0x14 ./Core/Src/stm32f1xx_it.o
                0x08000fd8                DMA1_Channel5_IRQHandler
 .text.USART1_IRQHandler
                0x08000fec       0x18 ./Core/Src/stm32f1xx_it.o
                0x08000fec                USART1_IRQHandler
 .text.SystemInit
                0x08001004        0xc ./Core/Src/system_stm32f1xx.o
                0x08001004                SystemInit
 .text.Reset_Handler
                0x08001010       0x48 ./Core/Startup/startup_stm32f103c6tx.o
                0x08001010                Reset_Handler
 .text.Default_Handler
                0x08001058        0x2 ./Core/Startup/startup_stm32f103c6tx.o
                0x08001058                RTC_Alarm_IRQHandler
                0x08001058                EXTI2_IRQHandler
                0x08001058                TIM1_CC_IRQHandler
                0x08001058                PVD_IRQHandler
                0x08001058                EXTI3_IRQHandler
                0x08001058                EXTI0_IRQHandler
                0x08001058                ADC1_2_IRQHandler
                0x08001058                SPI1_IRQHandler
                0x08001058                TAMPER_IRQHandler
                0x08001058                DMA1_Channel4_IRQHandler
                0x08001058                RTC_IRQHandler
                0x08001058                DMA1_Channel7_IRQHandler
                0x08001058                CAN1_RX1_IRQHandler
                0x08001058                I2C1_EV_IRQHandler
                0x08001058                DMA1_Channel6_IRQHandler
                0x08001058                TIM3_IRQHandler
                0x08001058                RCC_IRQHandler
                0x08001058                TIM1_TRG_COM_IRQHandler
                0x08001058                DMA1_Channel1_IRQHandler
                0x08001058                Default_Handler
                0x08001058                EXTI15_10_IRQHandler
                0x08001058                EXTI9_5_IRQHandler
                0x08001058                EXTI4_IRQHandler
                0x08001058                USB_LP_CAN1_RX0_IRQHandler
                0x08001058                USB_HP_CAN1_TX_IRQHandler
                0x08001058                DMA1_Channel3_IRQHandler
                0x08001058                TIM1_UP_IRQHandler
                0x08001058                WWDG_IRQHandler
                0x08001058                TIM2_IRQHandler
                0x08001058                TIM1_BRK_IRQHandler
                0x08001058                EXTI1_IRQHandler
                0x08001058                USART2_IRQHandler
                0x08001058                DMA1_Channel2_IRQHandler
                0x08001058                CAN1_SCE_IRQHandler
                0x08001058                FLASH_IRQHandler
                0x08001058                I2C1_ER_IRQHandler
                0x08001058                USBWakeUp_IRQHandler
 *fill*         0x0800105a        0x2 
 .text.HAL_Init
                0x0800105c       0x2c ./Drivers/STM32F1xx_HAL_Driver/Src/stm32f1xx_hal.o
                0x0800105c                HAL_Init
 .text.HAL_InitTick
                0x08001088       0x60 ./Drivers/STM32F1xx_HAL_Driver/Src/stm32f1xx_hal.o
                0x08001088                HAL_InitTick
 .text.HAL_IncTick
                0x080010e8       0x24 ./Drivers/STM32F1xx_HAL_Driver/Src/stm32f1xx_hal.o
                0x080010e8                HAL_IncTick
 .text.HAL_GetTick
                0x0800110c       0x14 ./Drivers/STM32F1xx_HAL_Driver/Src/stm32f1xx_hal.o
                0x0800110c                HAL_GetTick
 .text.__NVIC_SetPriorityGrouping
                0x08001120       0x48 ./Drivers/STM32F1xx_HAL_Driver/Src/stm32f1xx_hal_cortex.o
 .text.__NVIC_GetPriorityGrouping
                0x08001168       0x1c ./Drivers/STM32F1xx_HAL_Driver/Src/stm32f1xx_hal_cortex.o
 .text.__NVIC_EnableIRQ
                0x08001184       0x38 ./Drivers/STM32F1xx_HAL_Driver/Src/stm32f1xx_hal_cortex.o
 .text.__NVIC_SetPriority
                0x080011bc       0x54 ./Drivers/STM32F1xx_HAL_Driver/Src/stm32f1xx_hal_cortex.o
 .text.NVIC_EncodePriority
                0x08001210       0x64 ./Drivers/STM32F1xx_HAL_Driver/Src/stm32f1xx_hal_cortex.o
 .text.SysTick_Config
                0x08001274       0x44 ./Drivers/STM32F1xx_HAL_Driver/Src/stm32f1xx_hal_cortex.o
 .text.HAL_NVIC_SetPriorityGrouping
                0x080012b8       0x16 ./Drivers/STM32F1xx_HAL_Driver/Src/stm32f1xx_hal_cortex.o
                0x080012b8                HAL_NVIC_SetPriorityGrouping
 .text.HAL_NVIC_SetPriority
                0x080012ce       0x38 ./Drivers/STM32F1xx_HAL_Driver/Src/stm32f1xx_hal_cortex.o
                0x080012ce                HAL_NVIC_SetPriority
 .text.HAL_NVIC_EnableIRQ
                0x08001306       0x1c ./Drivers/STM32F1xx_HAL_Driver/Src/stm32f1xx_hal_cortex.o
                0x08001306                HAL_NVIC_EnableIRQ
 .text.HAL_SYSTICK_Config
                0x08001322       0x18 ./Drivers/STM32F1xx_HAL_Driver/Src/stm32f1xx_hal_cortex.o
                0x08001322                HAL_SYSTICK_Config
 *fill*         0x0800133a        0x2 
 .text.HAL_DMA_Init
                0x0800133c       0xb4 ./Drivers/STM32F1xx_HAL_Driver/Src/stm32f1xx_hal_dma.o
                0x0800133c                HAL_DMA_Init
 .text.HAL_DMA_Start_IT
                0x080013f0       0xc0 ./Drivers/STM32F1xx_HAL_Driver/Src/stm32f1xx_hal_dma.o
                0x080013f0                HAL_DMA_Start_IT
 .text.HAL_DMA_Abort
                0x080014b0       0x76 ./Drivers/STM32F1xx_HAL_Driver/Src/stm32f1xx_hal_dma.o
                0x080014b0                HAL_DMA_Abort
 *fill*         0x08001526        0x2 
 .text.HAL_DMA_Abort_IT
                0x08001528       0xf0 ./Drivers/STM32F1xx_HAL_Driver/Src/stm32f1xx_hal_dma.o
                0x08001528                HAL_DMA_Abort_IT
 .text.HAL_DMA_IRQHandler
                0x08001618      0x20c ./Drivers/STM32F1xx_HAL_Driver/Src/stm32f1xx_hal_dma.o
                0x08001618                HAL_DMA_IRQHandler
 .text.DMA_SetConfig
                0x08001824       0x5a ./Drivers/STM32F1xx_HAL_Driver/Src/stm32f1xx_hal_dma.o
 *fill*         0x0800187e        0x2 
 .text.HAL_GPIO_Init
                0x08001880      0x2f8 ./Drivers/STM32F1xx_HAL_Driver/Src/stm32f1xx_hal_gpio.o
                0x08001880                HAL_GPIO_Init
 .text.HAL_GPIO_WritePin
                0x08001b78       0x30 ./Drivers/STM32F1xx_HAL_Driver/Src/stm32f1xx_hal_gpio.o
                0x08001b78                HAL_GPIO_WritePin
 .text.HAL_RCC_OscConfig
                0x08001ba8      0x504 ./Drivers/STM32F1xx_HAL_Driver/Src/stm32f1xx_hal_rcc.o
                0x08001ba8                HAL_RCC_OscConfig
 .text.HAL_RCC_ClockConfig
                0x080020ac      0x1d4 ./Drivers/STM32F1xx_HAL_Driver/Src/stm32f1xx_hal_rcc.o
                0x080020ac                HAL_RCC_ClockConfig
 .text.HAL_RCC_GetSysClockFreq
                0x08002280       0xa8 ./Drivers/STM32F1xx_HAL_Driver/Src/stm32f1xx_hal_rcc.o
                0x08002280                HAL_RCC_GetSysClockFreq
 .text.HAL_RCC_GetHCLKFreq
                0x08002328       0x14 ./Drivers/STM32F1xx_HAL_Driver/Src/stm32f1xx_hal_rcc.o
                0x08002328                HAL_RCC_GetHCLKFreq
 .text.HAL_RCC_GetPCLK1Freq
                0x0800233c       0x28 ./Drivers/STM32F1xx_HAL_Driver/Src/stm32f1xx_hal_rcc.o
                0x0800233c                HAL_RCC_GetPCLK1Freq
 .text.HAL_RCC_GetPCLK2Freq
                0x08002364       0x28 ./Drivers/STM32F1xx_HAL_Driver/Src/stm32f1xx_hal_rcc.o
                0x08002364                HAL_RCC_GetPCLK2Freq
 .text.RCC_Delay
                0x0800238c       0x3c ./Drivers/STM32F1xx_HAL_Driver/Src/stm32f1xx_hal_rcc.o
 .text.HAL_SPI_Init
                0x080023c8      0x108 ./Drivers/STM32F1xx_HAL_Driver/Src/stm32f1xx_hal_spi.o
                0x080023c8                HAL_SPI_Init
 .text.HAL_SPI_TransmitReceive
                0x080024d0      0x360 ./Drivers/STM32F1xx_HAL_Driver/Src/stm32f1xx_hal_spi.o
                0x080024d0                HAL_SPI_TransmitReceive
 .text.SPI_WaitFlagStateUntilTimeout
                0x08002830      0x110 ./Drivers/STM32F1xx_HAL_Driver/Src/stm32f1xx_hal_spi.o
 .text.SPI_EndRxTxTransaction
                0x08002940       0x3c ./Drivers/STM32F1xx_HAL_Driver/Src/stm32f1xx_hal_spi.o
 .text.HAL_UART_Init
                0x0800297c       0xa0 ./Drivers/STM32F1xx_HAL_Driver/Src/stm32f1xx_hal_uart.o
                0x0800297c                HAL_UART_Init
 .text.HAL_UART_Receive_DMA
                0x08002a1c       0x4a ./Drivers/STM32F1xx_HAL_Driver/Src/stm32f1xx_hal_uart.o
                0x08002a1c                HAL_UART_Receive_DMA
 *fill*         0x08002a66        0x2 
 .text.HAL_UART_IRQHandler
                0x08002a68      0x524 ./Drivers/STM32F1xx_HAL_Driver/Src/stm32f1xx_hal_uart.o
                0x08002a68                HAL_UART_IRQHandler
 .text.HAL_UART_TxCpltCallback
                0x08002f8c       0x12 ./Drivers/STM32F1xx_HAL_Driver/Src/stm32f1xx_hal_uart.o
                0x08002f8c                HAL_UART_TxCpltCallback
 .text.HAL_UART_RxHalfCpltCallback
                0x08002f9e       0x12 ./Drivers/STM32F1xx_HAL_Driver/Src/stm32f1xx_hal_uart.o
                0x08002f9e                HAL_UART_RxHalfCpltCallback
 .text.HAL_UART_ErrorCallback
                0x08002fb0       0x12 ./Drivers/STM32F1xx_HAL_Driver/Src/stm32f1xx_hal_uart.o
                0x08002fb0                HAL_UART_ErrorCallback
 .text.HAL_UARTEx_RxEventCallback
                0x08002fc2       0x16 ./Drivers/STM32F1xx_HAL_Driver/Src/stm32f1xx_hal_uart.o
                0x08002fc2                HAL_UARTEx_RxEventCallback
 .text.UART_DMAReceiveCplt
                0x08002fd8      0x12c ./Drivers/STM32F1xx_HAL_Driver/Src/stm32f1xx_hal_uart.o
 .text.UART_DMARxHalfCplt
                0x08003104       0x3c ./Drivers/STM32F1xx_HAL_Driver/Src/stm32f1xx_hal_uart.o
 .text.UART_DMAError
                0x08003140       0x94 ./Drivers/STM32F1xx_HAL_Driver/Src/stm32f1xx_hal_uart.o
 .text.UART_Start_Receive_DMA
                0x080031d4      0x134 ./Drivers/STM32F1xx_HAL_Driver/Src/stm32f1xx_hal_uart.o
                0x080031d4                UART_Start_Receive_DMA
 .text.UART_EndTxTransfer
                0x08003308       0x4e ./Drivers/STM32F1xx_HAL_Driver/Src/stm32f1xx_hal_uart.o
 .text.UART_EndRxTransfer
                0x08003356       0xc4 ./Drivers/STM32F1xx_HAL_Driver/Src/stm32f1xx_hal_uart.o
 .text.UART_DMAAbortOnError
                0x0800341a       0x28 ./Drivers/STM32F1xx_HAL_Driver/Src/stm32f1xx_hal_uart.o
 .text.UART_Transmit_IT
                0x08003442       0x9e ./Drivers/STM32F1xx_HAL_Driver/Src/stm32f1xx_hal_uart.o
 .text.UART_EndTransmit_IT
                0x080034e0       0x30 ./Drivers/STM32F1xx_HAL_Driver/Src/stm32f1xx_hal_uart.o
 .text.UART_Receive_IT
                0x08003510      0x17c ./Drivers/STM32F1xx_HAL_Driver/Src/stm32f1xx_hal_uart.o
 .text.UART_SetConfig
                0x0800368c      0x11c ./Drivers/STM32F1xx_HAL_Driver/Src/stm32f1xx_hal_uart.o
 .text.memset   0x080037a8       0x10 C:/ST/STM32CubeIDE_1.18.1/STM32CubeIDE/plugins/com.st.stm32cube.ide.mcu.externaltools.gnu-tools-for-stm32.13.3.rel1.win32_1.0.0.202411081344/tools/bin/../lib/gcc/arm-none-eabi/13.3.1/../../../../arm-none-eabi/lib/thumb/v7-m/nofp\libc_nano.a(libc_a-memset.o)
                0x080037a8                memset
 .text.__libc_init_array
                0x080037b8       0x48 C:/ST/STM32CubeIDE_1.18.1/STM32CubeIDE/plugins/com.st.stm32cube.ide.mcu.externaltools.gnu-tools-for-stm32.13.3.rel1.win32_1.0.0.202411081344/tools/bin/../lib/gcc/arm-none-eabi/13.3.1/../../../../arm-none-eabi/lib/thumb/v7-m/nofp\libc_nano.a(libc_a-init.o)
                0x080037b8                __libc_init_array
 *(.glue_7)
 .glue_7        0x08003800        0x0 linker stubs
 *(.glue_7t)
 .glue_7t       0x08003800        0x0 linker stubs
 *(.eh_frame)
 .eh_frame      0x08003800        0x0 C:/ST/STM32CubeIDE_1.18.1/STM32CubeIDE/plugins/com.st.stm32cube.ide.mcu.externaltools.gnu-tools-for-stm32.13.3.rel1.win32_1.0.0.202411081344/tools/bin/../lib/gcc/arm-none-eabi/13.3.1/thumb/v7-m/nofp/crtbegin.o
 *(.init)
 .init          0x08003800        0x4 C:/ST/STM32CubeIDE_1.18.1/STM32CubeIDE/plugins/com.st.stm32cube.ide.mcu.externaltools.gnu-tools-for-stm32.13.3.rel1.win32_1.0.0.202411081344/tools/bin/../lib/gcc/arm-none-eabi/13.3.1/thumb/v7-m/nofp/crti.o
                0x08003800                _init
 .init          0x08003804        0x8 C:/ST/STM32CubeIDE_1.18.1/STM32CubeIDE/plugins/com.st.stm32cube.ide.mcu.externaltools.gnu-tools-for-stm32.13.3.rel1.win32_1.0.0.202411081344/tools/bin/../lib/gcc/arm-none-eabi/13.3.1/thumb/v7-m/nofp/crtn.o
 *(.fini)
 .fini          0x0800380c        0x4 C:/ST/STM32CubeIDE_1.18.1/STM32CubeIDE/plugins/com.st.stm32cube.ide.mcu.externaltools.gnu-tools-for-stm32.13.3.rel1.win32_1.0.0.202411081344/tools/bin/../lib/gcc/arm-none-eabi/13.3.1/thumb/v7-m/nofp/crti.o
                0x0800380c                _fini
 .fini          0x08003810        0x8 C:/ST/STM32CubeIDE_1.18.1/STM32CubeIDE/plugins/com.st.stm32cube.ide.mcu.externaltools.gnu-tools-for-stm32.13.3.rel1.win32_1.0.0.202411081344/tools/bin/../lib/gcc/arm-none-eabi/13.3.1/thumb/v7-m/nofp/crtn.o
                0x08003818                        . = ALIGN (0x4)
                0x08003818                        _etext = .

.vfp11_veneer   0x08003818        0x0
 .vfp11_veneer  0x08003818        0x0 linker stubs

.v4_bx          0x08003818        0x0
 .v4_bx         0x08003818        0x0 linker stubs

.iplt           0x08003818        0x0
 .iplt          0x08003818        0x0 C:/ST/STM32CubeIDE_1.18.1/STM32CubeIDE/plugins/com.st.stm32cube.ide.mcu.externaltools.gnu-tools-for-stm32.13.3.rel1.win32_1.0.0.202411081344/tools/bin/../lib/gcc/arm-none-eabi/13.3.1/thumb/v7-m/nofp/crtbegin.o

.rodata         0x08003818       0x3c
                0x08003818                        . = ALIGN (0x4)
 *(.rodata)
 *(.rodata*)
 .rodata.nRF24_RX_PW_PIPE
                0x08003818        0x6 ./Core/Src/nrf24.o
 *fill*         0x0800381e        0x2 
 .rodata.nRF24_ADDR_REGS
                0x08003820        0x7 ./Core/Src/nrf24.o
 *fill*         0x08003827        0x1 
 .rodata.AHBPrescTable
                0x08003828       0x10 ./Core/Src/system_stm32f1xx.o
                0x08003828                AHBPrescTable
 .rodata.APBPrescTable
                0x08003838        0x8 ./Core/Src/system_stm32f1xx.o
                0x08003838                APBPrescTable
 .rodata.aPLLMULFactorTable.1
                0x08003840       0x10 ./Drivers/STM32F1xx_HAL_Driver/Src/stm32f1xx_hal_rcc.o
 .rodata.aPredivFactorTable.0
                0x08003850        0x2 ./Drivers/STM32F1xx_HAL_Driver/Src/stm32f1xx_hal_rcc.o
                0x08003854                        . = ALIGN (0x4)
 *fill*         0x08003852        0x2 

.rel.dyn        0x08003854        0x0
 .rel.iplt      0x08003854        0x0 C:/ST/STM32CubeIDE_1.18.1/STM32CubeIDE/plugins/com.st.stm32cube.ide.mcu.externaltools.gnu-tools-for-stm32.13.3.rel1.win32_1.0.0.202411081344/tools/bin/../lib/gcc/arm-none-eabi/13.3.1/thumb/v7-m/nofp/crtbegin.o

.ARM.extab      0x08003854        0x0
                0x08003854                        . = ALIGN (0x4)
 *(.ARM.extab* .gnu.linkonce.armextab.*)
                0x08003854                        . = ALIGN (0x4)

.ARM            0x08003854        0x0
                0x08003854                        . = ALIGN (0x4)
                0x08003854                        __exidx_start = .
 *(.ARM.exidx*)
                0x08003854                        __exidx_end = .
                0x08003854                        . = ALIGN (0x4)

.preinit_array  0x08003854        0x0
                0x08003854                        . = ALIGN (0x4)
                0x08003854                        PROVIDE (__preinit_array_start = .)
 *(.preinit_array*)
                0x08003854                        PROVIDE (__preinit_array_end = .)
                0x08003854                        . = ALIGN (0x4)

.init_array     0x08003854        0x4
                0x08003854                        . = ALIGN (0x4)
                0x08003854                        PROVIDE (__init_array_start = .)
 *(SORT_BY_NAME(.init_array.*))
 *(.init_array*)
 .init_array    0x08003854        0x4 C:/ST/STM32CubeIDE_1.18.1/STM32CubeIDE/plugins/com.st.stm32cube.ide.mcu.externaltools.gnu-tools-for-stm32.13.3.rel1.win32_1.0.0.202411081344/tools/bin/../lib/gcc/arm-none-eabi/13.3.1/thumb/v7-m/nofp/crtbegin.o
                0x08003858                        PROVIDE (__init_array_end = .)
                0x08003858                        . = ALIGN (0x4)

.fini_array     0x08003858        0x4
                0x08003858                        . = ALIGN (0x4)
                [!provide]                        PROVIDE (__fini_array_start = .)
 *(SORT_BY_NAME(.fini_array.*))
 *(.fini_array*)
 .fini_array    0x08003858        0x4 C:/ST/STM32CubeIDE_1.18.1/STM32CubeIDE/plugins/com.st.stm32cube.ide.mcu.externaltools.gnu-tools-for-stm32.13.3.rel1.win32_1.0.0.202411081344/tools/bin/../lib/gcc/arm-none-eabi/13.3.1/thumb/v7-m/nofp/crtbegin.o
                [!provide]                        PROVIDE (__fini_array_end = .)
                0x0800385c                        . = ALIGN (0x4)
                0x0800385c                        _sidata = LOADADDR (.data)

.data           0x20000000       0x14 load address 0x0800385c
                0x20000000                        . = ALIGN (0x4)
                0x20000000                        _sdata = .
 *(.data)
 *(.data*)
 .data.rx_node_addr
                0x20000000        0x5 ./Core/Src/main.o
                0x20000000                rx_node_addr
 *fill*         0x20000005        0x3 
 .data.SystemCoreClock
                0x20000008        0x4 ./Core/Src/system_stm32f1xx.o
                0x20000008                SystemCoreClock
 .data.uwTickPrio
                0x2000000c        0x4 ./Drivers/STM32F1xx_HAL_Driver/Src/stm32f1xx_hal.o
                0x2000000c                uwTickPrio
 .data.uwTickFreq
                0x20000010        0x1 ./Drivers/STM32F1xx_HAL_Driver/Src/stm32f1xx_hal.o
                0x20000010                uwTickFreq
 *(.RamFunc)
 *(.RamFunc*)
                0x20000014                        . = ALIGN (0x4)
 *fill*         0x20000011        0x3 
                0x20000014                        _edata = .

.igot.plt       0x20000014        0x0 load address 0x08003870
 .igot.plt      0x20000014        0x0 C:/ST/STM32CubeIDE_1.18.1/STM32CubeIDE/plugins/com.st.stm32cube.ide.mcu.externaltools.gnu-tools-for-stm32.13.3.rel1.win32_1.0.0.202411081344/tools/bin/../lib/gcc/arm-none-eabi/13.3.1/thumb/v7-m/nofp/crtbegin.o
                0x20000014                        . = ALIGN (0x4)

.bss            0x20000014      0x1e4 load address 0x08003870
                0x20000014                        _sbss = .
                0x20000014                        __bss_start__ = _sbss
 *(.bss)
 .bss           0x20000014       0x1c C:/ST/STM32CubeIDE_1.18.1/STM32CubeIDE/plugins/com.st.stm32cube.ide.mcu.externaltools.gnu-tools-for-stm32.13.3.rel1.win32_1.0.0.202411081344/tools/bin/../lib/gcc/arm-none-eabi/13.3.1/thumb/v7-m/nofp/crtbegin.o
 *(.bss*)
 .bss.hspi1     0x20000030       0x58 ./Core/Src/main.o
                0x20000030                hspi1
 .bss.huart1    0x20000088       0x48 ./Core/Src/main.o
                0x20000088                huart1
 .bss.hdma_usart1_rx
                0x200000d0       0x44 ./Core/Src/main.o
                0x200000d0                hdma_usart1_rx
 .bss.serial_data
                0x20000114       0x1e ./Core/Src/main.o
                0x20000114                serial_data
 *fill*         0x20000132        0x2 
 .bss.serial_len
                0x20000134        0x4 ./Core/Src/main.o
                0x20000134                serial_len
 .bss.send_flag
                0x20000138        0x1 ./Core/Src/main.o
                0x20000138                send_flag
 .bss.status    0x20000139        0x1 ./Core/Src/main.o
                0x20000139                status
 *fill*         0x2000013a        0x2 
 .bss.tx_device
                0x2000013c       0x58 ./Core/Src/main.o
                0x2000013c                tx_device
 .bss.rx_device
                0x20000194       0x58 ./Core/Src/main.o
                0x20000194                rx_device
 .bss.debug_reg
                0x200001ec        0x5 ./Core/Src/main.o
                0x200001ec                debug_reg
 *fill*         0x200001f1        0x3 
 .bss.uwTick    0x200001f4        0x4 ./Drivers/STM32F1xx_HAL_Driver/Src/stm32f1xx_hal.o
                0x200001f4                uwTick
 *(COMMON)
                0x200001f8                        . = ALIGN (0x4)
                0x200001f8                        _ebss = .
                0x200001f8                        __bss_end__ = _ebss

._user_heap_stack
                0x200001f8      0x600 load address 0x08003870
                0x200001f8                        . = ALIGN (0x8)
                [!provide]                        PROVIDE (end = .)
                0x200001f8                        PROVIDE (_end = .)
                0x200003f8                        . = (. + _Min_Heap_Size)
 *fill*         0x200001f8      0x200 
                0x200007f8                        . = (. + _Min_Stack_Size)
 *fill*         0x200003f8      0x400 
                0x200007f8                        . = ALIGN (0x8)

/DISCARD/
 libc.a(*)
 libm.a(*)
 libgcc.a(*)

.ARM.attributes
                0x00000000       0x29
 *(.ARM.attributes)
 .ARM.attributes
                0x00000000       0x1d C:/ST/STM32CubeIDE_1.18.1/STM32CubeIDE/plugins/com.st.stm32cube.ide.mcu.externaltools.gnu-tools-for-stm32.13.3.rel1.win32_1.0.0.202411081344/tools/bin/../lib/gcc/arm-none-eabi/13.3.1/thumb/v7-m/nofp/crti.o
 .ARM.attributes
                0x0000001d       0x2d C:/ST/STM32CubeIDE_1.18.1/STM32CubeIDE/plugins/com.st.stm32cube.ide.mcu.externaltools.gnu-tools-for-stm32.13.3.rel1.win32_1.0.0.202411081344/tools/bin/../lib/gcc/arm-none-eabi/13.3.1/thumb/v7-m/nofp/crtbegin.o
 .ARM.attributes
                0x0000004a       0x2d ./Core/Src/main.o
 .ARM.attributes
                0x00000077       0x2d ./Core/Src/nrf24.o
 .ARM.attributes
                0x000000a4       0x2d ./Core/Src/stm32f1xx_hal_msp.o
 .ARM.attributes
                0x000000d1       0x2d ./Core/Src/stm32f1xx_it.o
 .ARM.attributes
                0x000000fe       0x2d ./Core/Src/system_stm32f1xx.o
 .ARM.attributes
                0x0000012b       0x21 ./Core/Startup/startup_stm32f103c6tx.o
 .ARM.attributes
                0x0000014c       0x2d ./Drivers/STM32F1xx_HAL_Driver/Src/stm32f1xx_hal.o
 .ARM.attributes
                0x00000179       0x2d ./Drivers/STM32F1xx_HAL_Driver/Src/stm32f1xx_hal_cortex.o
 .ARM.attributes
                0x000001a6       0x2d ./Drivers/STM32F1xx_HAL_Driver/Src/stm32f1xx_hal_dma.o
 .ARM.attributes
                0x000001d3       0x2d ./Drivers/STM32F1xx_HAL_Driver/Src/stm32f1xx_hal_gpio.o
 .ARM.attributes
                0x00000200       0x2d ./Drivers/STM32F1xx_HAL_Driver/Src/stm32f1xx_hal_rcc.o
 .ARM.attributes
                0x0000022d       0x2d ./Drivers/STM32F1xx_HAL_Driver/Src/stm32f1xx_hal_spi.o
 .ARM.attributes
                0x0000025a       0x2d ./Drivers/STM32F1xx_HAL_Driver/Src/stm32f1xx_hal_uart.o
 .ARM.attributes
                0x00000287       0x2d C:/ST/STM32CubeIDE_1.18.1/STM32CubeIDE/plugins/com.st.stm32cube.ide.mcu.externaltools.gnu-tools-for-stm32.13.3.rel1.win32_1.0.0.202411081344/tools/bin/../lib/gcc/arm-none-eabi/13.3.1/../../../../arm-none-eabi/lib/thumb/v7-m/nofp\libc_nano.a(libc_a-memset.o)
 .ARM.attributes
                0x000002b4       0x2d C:/ST/STM32CubeIDE_1.18.1/STM32CubeIDE/plugins/com.st.stm32cube.ide.mcu.externaltools.gnu-tools-for-stm32.13.3.rel1.win32_1.0.0.202411081344/tools/bin/../lib/gcc/arm-none-eabi/13.3.1/../../../../arm-none-eabi/lib/thumb/v7-m/nofp\libc_nano.a(libc_a-init.o)
 .ARM.attributes
                0x000002e1       0x1d C:/ST/STM32CubeIDE_1.18.1/STM32CubeIDE/plugins/com.st.stm32cube.ide.mcu.externaltools.gnu-tools-for-stm32.13.3.rel1.win32_1.0.0.202411081344/tools/bin/../lib/gcc/arm-none-eabi/13.3.1/thumb/v7-m/nofp/crtn.o
OUTPUT(TX-base-station-f103c6.elf elf32-littlearm)
LOAD linker stubs
LOAD C:/ST/STM32CubeIDE_1.18.1/STM32CubeIDE/plugins/com.st.stm32cube.ide.mcu.externaltools.gnu-tools-for-stm32.13.3.rel1.win32_1.0.0.202411081344/tools/bin/../lib/gcc/arm-none-eabi/13.3.1/../../../../arm-none-eabi/lib/thumb/v7-m/nofp\libc.a
LOAD C:/ST/STM32CubeIDE_1.18.1/STM32CubeIDE/plugins/com.st.stm32cube.ide.mcu.externaltools.gnu-tools-for-stm32.13.3.rel1.win32_1.0.0.202411081344/tools/bin/../lib/gcc/arm-none-eabi/13.3.1/../../../../arm-none-eabi/lib/thumb/v7-m/nofp\libm.a
LOAD C:/ST/STM32CubeIDE_1.18.1/STM32CubeIDE/plugins/com.st.stm32cube.ide.mcu.externaltools.gnu-tools-for-stm32.13.3.rel1.win32_1.0.0.202411081344/tools/bin/../lib/gcc/arm-none-eabi/13.3.1/thumb/v7-m/nofp\libgcc.a

.debug_info     0x00000000     0xa47f
 .debug_info    0x00000000     0x14bb ./Core/Src/main.o
 .debug_info    0x000014bb     0x103b ./Core/Src/nrf24.o
 .debug_info    0x000024f6      0xcc3 ./Core/Src/stm32f1xx_hal_msp.o
 .debug_info    0x000031b9      0x628 ./Core/Src/stm32f1xx_it.o
 .debug_info    0x000037e1      0x222 ./Core/Src/system_stm32f1xx.o
 .debug_info    0x00003a03       0x30 ./Core/Startup/startup_stm32f103c6tx.o
 .debug_info    0x00003a33      0x6e6 ./Drivers/STM32F1xx_HAL_Driver/Src/stm32f1xx_hal.o
 .debug_info    0x00004119      0xa69 ./Drivers/STM32F1xx_HAL_Driver/Src/stm32f1xx_hal_cortex.o
 .debug_info    0x00004b82      0x6d2 ./Drivers/STM32F1xx_HAL_Driver/Src/stm32f1xx_hal_dma.o
 .debug_info    0x00005254      0x5ab ./Drivers/STM32F1xx_HAL_Driver/Src/stm32f1xx_hal_gpio.o
 .debug_info    0x000057ff      0x7d5 ./Drivers/STM32F1xx_HAL_Driver/Src/stm32f1xx_hal_rcc.o
 .debug_info    0x00005fd4     0x1503 ./Drivers/STM32F1xx_HAL_Driver/Src/stm32f1xx_hal_spi.o
 .debug_info    0x000074d7     0x2fa8 ./Drivers/STM32F1xx_HAL_Driver/Src/stm32f1xx_hal_uart.o

.debug_abbrev   0x00000000     0x1b4a
 .debug_abbrev  0x00000000      0x309 ./Core/Src/main.o
 .debug_abbrev  0x00000309      0x25f ./Core/Src/nrf24.o
 .debug_abbrev  0x00000568      0x20a ./Core/Src/stm32f1xx_hal_msp.o
 .debug_abbrev  0x00000772      0x178 ./Core/Src/stm32f1xx_it.o
 .debug_abbrev  0x000008ea      0x13f ./Core/Src/system_stm32f1xx.o
 .debug_abbrev  0x00000a29       0x24 ./Core/Startup/startup_stm32f103c6tx.o
 .debug_abbrev  0x00000a4d      0x201 ./Drivers/STM32F1xx_HAL_Driver/Src/stm32f1xx_hal.o
 .debug_abbrev  0x00000c4e      0x2f8 ./Drivers/STM32F1xx_HAL_Driver/Src/stm32f1xx_hal_cortex.o
 .debug_abbrev  0x00000f46      0x20b ./Drivers/STM32F1xx_HAL_Driver/Src/stm32f1xx_hal_dma.o
 .debug_abbrev  0x00001151      0x1ca ./Drivers/STM32F1xx_HAL_Driver/Src/stm32f1xx_hal_gpio.o
 .debug_abbrev  0x0000131b      0x2b3 ./Drivers/STM32F1xx_HAL_Driver/Src/stm32f1xx_hal_rcc.o
 .debug_abbrev  0x000015ce      0x284 ./Drivers/STM32F1xx_HAL_Driver/Src/stm32f1xx_hal_spi.o
 .debug_abbrev  0x00001852      0x2f8 ./Drivers/STM32F1xx_HAL_Driver/Src/stm32f1xx_hal_uart.o

.debug_aranges  0x00000000      0x9b8
 .debug_aranges
                0x00000000       0x68 ./Core/Src/main.o
 .debug_aranges
                0x00000068      0x130 ./Core/Src/nrf24.o
 .debug_aranges
                0x00000198       0x40 ./Core/Src/stm32f1xx_hal_msp.o
 .debug_aranges
                0x000001d8       0x70 ./Core/Src/stm32f1xx_it.o
 .debug_aranges
                0x00000248       0x28 ./Core/Src/system_stm32f1xx.o
 .debug_aranges
                0x00000270       0x28 ./Core/Startup/startup_stm32f103c6tx.o
 .debug_aranges
                0x00000298       0xe0 ./Drivers/STM32F1xx_HAL_Driver/Src/stm32f1xx_hal.o
 .debug_aranges
                0x00000378      0x100 ./Drivers/STM32F1xx_HAL_Driver/Src/stm32f1xx_hal_cortex.o
 .debug_aranges
                0x00000478       0x80 ./Drivers/STM32F1xx_HAL_Driver/Src/stm32f1xx_hal_dma.o
 .debug_aranges
                0x000004f8       0x58 ./Drivers/STM32F1xx_HAL_Driver/Src/stm32f1xx_hal_gpio.o
 .debug_aranges
                0x00000550       0x90 ./Drivers/STM32F1xx_HAL_Driver/Src/stm32f1xx_hal_rcc.o
 .debug_aranges
                0x000005e0      0x1d0 ./Drivers/STM32F1xx_HAL_Driver/Src/stm32f1xx_hal_spi.o
 .debug_aranges
                0x000007b0      0x208 ./Drivers/STM32F1xx_HAL_Driver/Src/stm32f1xx_hal_uart.o

.debug_rnglists
                0x00000000      0x777
 .debug_rnglists
                0x00000000       0x4e ./Core/Src/main.o
 .debug_rnglists
                0x0000004e       0xe3 ./Core/Src/nrf24.o
 .debug_rnglists
                0x00000131       0x2d ./Core/Src/stm32f1xx_hal_msp.o
 .debug_rnglists
                0x0000015e       0x4f ./Core/Src/stm32f1xx_it.o
 .debug_rnglists
                0x000001ad       0x1a ./Core/Src/system_stm32f1xx.o
 .debug_rnglists
                0x000001c7       0x19 ./Core/Startup/startup_stm32f103c6tx.o
 .debug_rnglists
                0x000001e0       0xa3 ./Drivers/STM32F1xx_HAL_Driver/Src/stm32f1xx_hal.o
 .debug_rnglists
                0x00000283       0xbb ./Drivers/STM32F1xx_HAL_Driver/Src/stm32f1xx_hal_cortex.o
 .debug_rnglists
                0x0000033e       0x64 ./Drivers/STM32F1xx_HAL_Driver/Src/stm32f1xx_hal_dma.o
 .debug_rnglists
                0x000003a2       0x3f ./Drivers/STM32F1xx_HAL_Driver/Src/stm32f1xx_hal_gpio.o
 .debug_rnglists
                0x000003e1       0x6c ./Drivers/STM32F1xx_HAL_Driver/Src/stm32f1xx_hal_rcc.o
 .debug_rnglists
                0x0000044d      0x16e ./Drivers/STM32F1xx_HAL_Driver/Src/stm32f1xx_hal_spi.o
 .debug_rnglists
                0x000005bb      0x1bc ./Drivers/STM32F1xx_HAL_Driver/Src/stm32f1xx_hal_uart.o

.debug_macro    0x00000000    0x16f43
 .debug_macro   0x00000000      0x295 ./Core/Src/main.o
 .debug_macro   0x00000295      0xacc ./Core/Src/main.o
 .debug_macro   0x00000d61      0x221 ./Core/Src/main.o
 .debug_macro   0x00000f82       0x2e ./Core/Src/main.o
 .debug_macro   0x00000fb0       0x22 ./Core/Src/main.o
 .debug_macro   0x00000fd2       0x22 ./Core/Src/main.o
 .debug_macro   0x00000ff4       0x8e ./Core/Src/main.o
 .debug_macro   0x00001082       0x51 ./Core/Src/main.o
 .debug_macro   0x000010d3      0x103 ./Core/Src/main.o
 .debug_macro   0x000011d6       0x6a ./Core/Src/main.o
 .debug_macro   0x00001240      0x1df ./Core/Src/main.o
 .debug_macro   0x0000141f       0x1c ./Core/Src/main.o
 .debug_macro   0x0000143b       0x22 ./Core/Src/main.o
 .debug_macro   0x0000145d       0xbd ./Core/Src/main.o
 .debug_macro   0x0000151a      0xd23 ./Core/Src/main.o
 .debug_macro   0x0000223d     0xde75 ./Core/Src/main.o
 .debug_macro   0x000100b2       0x6d ./Core/Src/main.o
 .debug_macro   0x0001011f     0x348d ./Core/Src/main.o
 .debug_macro   0x000135ac      0x190 ./Core/Src/main.o
 .debug_macro   0x0001373c       0x5c ./Core/Src/main.o
 .debug_macro   0x00013798      0x5bc ./Core/Src/main.o
 .debug_macro   0x00013d54      0x1b7 ./Core/Src/main.o
 .debug_macro   0x00013f0b      0x1cb ./Core/Src/main.o
 .debug_macro   0x000140d6      0x114 ./Core/Src/main.o
 .debug_macro   0x000141ea      0x1b2 ./Core/Src/main.o
 .debug_macro   0x0001439c       0x27 ./Core/Src/main.o
 .debug_macro   0x000143c3      0x12f ./Core/Src/main.o
 .debug_macro   0x000144f2      0x1bc ./Core/Src/main.o
 .debug_macro   0x000146ae       0x34 ./Core/Src/main.o
 .debug_macro   0x000146e2       0x3c ./Core/Src/main.o
 .debug_macro   0x0001471e       0x57 ./Core/Src/main.o
 .debug_macro   0x00014775       0x87 ./Core/Src/main.o
 .debug_macro   0x000147fc      0x183 ./Core/Src/main.o
 .debug_macro   0x0001497f      0x140 ./Core/Src/main.o
 .debug_macro   0x00014abf      0x217 ./Core/Src/main.o
 .debug_macro   0x00014cd6      0x28e ./Core/Src/main.o
 .debug_macro   0x00014f64       0x69 ./Core/Src/main.o
 .debug_macro   0x00014fcd      0x160 ./Core/Src/main.o
 .debug_macro   0x0001512d       0x61 ./Core/Src/main.o
 .debug_macro   0x0001518e       0x24 ./Core/Src/main.o
 .debug_macro   0x000151b2       0x43 ./Core/Src/main.o
 .debug_macro   0x000151f5       0x34 ./Core/Src/main.o
 .debug_macro   0x00015229      0x370 ./Core/Src/main.o
 .debug_macro   0x00015599       0x16 ./Core/Src/main.o
 .debug_macro   0x000155af       0x4a ./Core/Src/main.o
 .debug_macro   0x000155f9       0x34 ./Core/Src/main.o
 .debug_macro   0x0001562d       0x10 ./Core/Src/main.o
 .debug_macro   0x0001563d       0x58 ./Core/Src/main.o
 .debug_macro   0x00015695       0x8e ./Core/Src/main.o
 .debug_macro   0x00015723       0x1c ./Core/Src/main.o
 .debug_macro   0x0001573f      0x185 ./Core/Src/main.o
 .debug_macro   0x000158c4       0x10 ./Core/Src/main.o
 .debug_macro   0x000158d4       0x3c ./Core/Src/main.o
 .debug_macro   0x00015910       0x20 ./Core/Src/main.o
 .debug_macro   0x00015930      0x27d ./Core/Src/nrf24.o
 .debug_macro   0x00015bad      0x15a ./Core/Src/nrf24.o
 .debug_macro   0x00015d07       0x16 ./Core/Src/nrf24.o
 .debug_macro   0x00015d1d       0x10 ./Core/Src/nrf24.o
 .debug_macro   0x00015d2d       0x16 ./Core/Src/nrf24.o
 .debug_macro   0x00015d43       0x16 ./Core/Src/nrf24.o
 .debug_macro   0x00015d59      0x146 ./Core/Src/nrf24.o
 .debug_macro   0x00015e9f      0x1a0 ./Core/Src/stm32f1xx_hal_msp.o
 .debug_macro   0x0001603f      0x1aa ./Core/Src/stm32f1xx_it.o
 .debug_macro   0x000161e9      0x196 ./Core/Src/system_stm32f1xx.o
 .debug_macro   0x0001637f      0x1ba ./Drivers/STM32F1xx_HAL_Driver/Src/stm32f1xx_hal.o
 .debug_macro   0x00016539      0x196 ./Drivers/STM32F1xx_HAL_Driver/Src/stm32f1xx_hal_cortex.o
 .debug_macro   0x000166cf      0x196 ./Drivers/STM32F1xx_HAL_Driver/Src/stm32f1xx_hal_dma.o
 .debug_macro   0x00016865      0x201 ./Drivers/STM32F1xx_HAL_Driver/Src/stm32f1xx_hal_gpio.o
 .debug_macro   0x00016a66      0x1a8 ./Drivers/STM32F1xx_HAL_Driver/Src/stm32f1xx_hal_rcc.o
 .debug_macro   0x00016c0e      0x19e ./Drivers/STM32F1xx_HAL_Driver/Src/stm32f1xx_hal_spi.o
 .debug_macro   0x00016dac      0x197 ./Drivers/STM32F1xx_HAL_Driver/Src/stm32f1xx_hal_uart.o

.debug_line     0x00000000     0xabca
 .debug_line    0x00000000      0xac7 ./Core/Src/main.o
 .debug_line    0x00000ac7      0xd8e ./Core/Src/nrf24.o
 .debug_line    0x00001855      0x7b4 ./Core/Src/stm32f1xx_hal_msp.o
 .debug_line    0x00002009      0x7c2 ./Core/Src/stm32f1xx_it.o
 .debug_line    0x000027cb      0x761 ./Core/Src/system_stm32f1xx.o
 .debug_line    0x00002f2c       0x78 ./Core/Startup/startup_stm32f103c6tx.o
 .debug_line    0x00002fa4      0x992 ./Drivers/STM32F1xx_HAL_Driver/Src/stm32f1xx_hal.o
 .debug_line    0x00003936      0xb5c ./Drivers/STM32F1xx_HAL_Driver/Src/stm32f1xx_hal_cortex.o
 .debug_line    0x00004492      0xd9c ./Drivers/STM32F1xx_HAL_Driver/Src/stm32f1xx_hal_dma.o
 .debug_line    0x0000522e      0x9da ./Drivers/STM32F1xx_HAL_Driver/Src/stm32f1xx_hal_gpio.o
 .debug_line    0x00005c08      0xe4b ./Drivers/STM32F1xx_HAL_Driver/Src/stm32f1xx_hal_rcc.o
 .debug_line    0x00006a53     0x1c87 ./Drivers/STM32F1xx_HAL_Driver/Src/stm32f1xx_hal_spi.o
 .debug_line    0x000086da     0x24f0 ./Drivers/STM32F1xx_HAL_Driver/Src/stm32f1xx_hal_uart.o

.debug_str      0x00000000    0x82117
 .debug_str     0x00000000    0x82117 ./Core/Src/main.o
                              0x80269 (size before relaxing)
 .debug_str     0x00082117    0x801a7 ./Core/Src/nrf24.o
 .debug_str     0x00082117    0x7c3d5 ./Core/Src/stm32f1xx_hal_msp.o
 .debug_str     0x00082117    0x7bef6 ./Core/Src/stm32f1xx_it.o
 .debug_str     0x00082117    0x7ba7e ./Core/Src/system_stm32f1xx.o
 .debug_str     0x00082117       0x90 ./Core/Startup/startup_stm32f103c6tx.o
 .debug_str     0x00082117    0x7c177 ./Drivers/STM32F1xx_HAL_Driver/Src/stm32f1xx_hal.o
 .debug_str     0x00082117    0x7c0c3 ./Drivers/STM32F1xx_HAL_Driver/Src/stm32f1xx_hal_cortex.o
 .debug_str     0x00082117    0x7be27 ./Drivers/STM32F1xx_HAL_Driver/Src/stm32f1xx_hal_dma.o
 .debug_str     0x00082117    0x7be04 ./Drivers/STM32F1xx_HAL_Driver/Src/stm32f1xx_hal_gpio.o
 .debug_str     0x00082117    0x7bead ./Drivers/STM32F1xx_HAL_Driver/Src/stm32f1xx_hal_rcc.o
 .debug_str     0x00082117    0x7c3aa ./Drivers/STM32F1xx_HAL_Driver/Src/stm32f1xx_hal_spi.o
 .debug_str     0x00082117    0x7c51e ./Drivers/STM32F1xx_HAL_Driver/Src/stm32f1xx_hal_uart.o

.comment        0x00000000       0x43
 .comment       0x00000000       0x43 ./Core/Src/main.o
                                 0x44 (size before relaxing)
 .comment       0x00000043       0x44 ./Core/Src/nrf24.o
 .comment       0x00000043       0x44 ./Core/Src/stm32f1xx_hal_msp.o
 .comment       0x00000043       0x44 ./Core/Src/stm32f1xx_it.o
 .comment       0x00000043       0x44 ./Core/Src/system_stm32f1xx.o
 .comment       0x00000043       0x44 ./Drivers/STM32F1xx_HAL_Driver/Src/stm32f1xx_hal.o
 .comment       0x00000043       0x44 ./Drivers/STM32F1xx_HAL_Driver/Src/stm32f1xx_hal_cortex.o
 .comment       0x00000043       0x44 ./Drivers/STM32F1xx_HAL_Driver/Src/stm32f1xx_hal_dma.o
 .comment       0x00000043       0x44 ./Drivers/STM32F1xx_HAL_Driver/Src/stm32f1xx_hal_gpio.o
 .comment       0x00000043       0x44 ./Drivers/STM32F1xx_HAL_Driver/Src/stm32f1xx_hal_rcc.o
 .comment       0x00000043       0x44 ./Drivers/STM32F1xx_HAL_Driver/Src/stm32f1xx_hal_spi.o
 .comment       0x00000043       0x44 ./Drivers/STM32F1xx_HAL_Driver/Src/stm32f1xx_hal_uart.o

.debug_frame    0x00000000     0x272c
 .debug_frame   0x00000000      0x154 ./Core/Src/main.o
 .debug_frame   0x00000154      0x500 ./Core/Src/nrf24.o
 .debug_frame   0x00000654       0xc8 ./Core/Src/stm32f1xx_hal_msp.o
 .debug_frame   0x0000071c      0x13c ./Core/Src/stm32f1xx_it.o
 .debug_frame   0x00000858       0x58 ./Core/Src/system_stm32f1xx.o
 .debug_frame   0x000008b0      0x334 ./Drivers/STM32F1xx_HAL_Driver/Src/stm32f1xx_hal.o
 .debug_frame   0x00000be4      0x428 ./Drivers/STM32F1xx_HAL_Driver/Src/stm32f1xx_hal_cortex.o
 .debug_frame   0x0000100c      0x208 ./Drivers/STM32F1xx_HAL_Driver/Src/stm32f1xx_hal_dma.o
 .debug_frame   0x00001214      0x14c ./Drivers/STM32F1xx_HAL_Driver/Src/stm32f1xx_hal_gpio.o
 .debug_frame   0x00001360      0x218 ./Drivers/STM32F1xx_HAL_Driver/Src/stm32f1xx_hal_rcc.o
 .debug_frame   0x00001578      0x824 ./Drivers/STM32F1xx_HAL_Driver/Src/stm32f1xx_hal_spi.o
 .debug_frame   0x00001d9c      0x944 ./Drivers/STM32F1xx_HAL_Driver/Src/stm32f1xx_hal_uart.o
 .debug_frame   0x000026e0       0x20 C:/ST/STM32CubeIDE_1.18.1/STM32CubeIDE/plugins/com.st.stm32cube.ide.mcu.externaltools.gnu-tools-for-stm32.13.3.rel1.win32_1.0.0.202411081344/tools/bin/../lib/gcc/arm-none-eabi/13.3.1/../../../../arm-none-eabi/lib/thumb/v7-m/nofp\libc_nano.a(libc_a-memset.o)
 .debug_frame   0x00002700       0x2c C:/ST/STM32CubeIDE_1.18.1/STM32CubeIDE/plugins/com.st.stm32cube.ide.mcu.externaltools.gnu-tools-for-stm32.13.3.rel1.win32_1.0.0.202411081344/tools/bin/../lib/gcc/arm-none-eabi/13.3.1/../../../../arm-none-eabi/lib/thumb/v7-m/nofp\libc_nano.a(libc_a-init.o)

.debug_line_str
                0x00000000       0x74
 .debug_line_str
                0x00000000       0x74 ./Core/Startup/startup_stm32f103c6tx.o
